Archive member included to satisfy reference by file (symbol)

e:/ruanjian/mounriver_studio/toolchain/risc-v embedded gcc/bin/../lib/gcc/riscv-none-embed/8.2.0/rv32imacxw/ilp32\libgcc.a(addsf3.o)
                              ./Drivers/BSP/Timer/Timer.o (__addsf3)
e:/ruanjian/mounriver_studio/toolchain/risc-v embedded gcc/bin/../lib/gcc/riscv-none-embed/8.2.0/rv32imacxw/ilp32\libgcc.a(divsf3.o)
                              ./Drivers/BSP/Timer/Timer.o (__divsf3)
e:/ruanjian/mounriver_studio/toolchain/risc-v embedded gcc/bin/../lib/gcc/riscv-none-embed/8.2.0/rv32imacxw/ilp32\libgcc.a(mulsf3.o)
                              ./Drivers/BSP/Timer/Timer.o (__mulsf3)
e:/ruanjian/mounriver_studio/toolchain/risc-v embedded gcc/bin/../lib/gcc/riscv-none-embed/8.2.0/rv32imacxw/ilp32\libgcc.a(fixunssfsi.o)
                              ./Drivers/BSP/Timer/Timer.o (__fixunssfsi)
e:/ruanjian/mounriver_studio/toolchain/risc-v embedded gcc/bin/../lib/gcc/riscv-none-embed/8.2.0/rv32imacxw/ilp32\libgcc.a(floatsisf.o)
                              ./Drivers/BSP/ADC/adc.o (__floatsisf)
e:/ruanjian/mounriver_studio/toolchain/risc-v embedded gcc/bin/../lib/gcc/riscv-none-embed/8.2.0/rv32imacxw/ilp32\libgcc.a(save-restore.o)
                              ./User/freertos_demo.o (__riscv_save_12)
e:/ruanjian/mounriver_studio/toolchain/risc-v embedded gcc/bin/../lib/gcc/riscv-none-embed/8.2.0/rv32imacxw/ilp32\libgcc.a(_clzsi2.o)
                              e:/ruanjian/mounriver_studio/toolchain/risc-v embedded gcc/bin/../lib/gcc/riscv-none-embed/8.2.0/rv32imacxw/ilp32\libgcc.a(addsf3.o) (__clzsi2)
e:/ruanjian/mounriver_studio/toolchain/risc-v embedded gcc/bin/../lib/gcc/riscv-none-embed/8.2.0/rv32imacxw/ilp32\libgcc.a(_clz.o)
                              e:/ruanjian/mounriver_studio/toolchain/risc-v embedded gcc/bin/../lib/gcc/riscv-none-embed/8.2.0/rv32imacxw/ilp32\libgcc.a(_clzsi2.o) (__clz_tab)
e:/ruanjian/mounriver_studio/toolchain/risc-v embedded gcc/bin/../lib/gcc/riscv-none-embed/8.2.0/../../../../riscv-none-embed/lib/rv32imacxw/ilp32\libg_nano.a(lib_a-memcmp.o)
                              ./User/freertos_demo.o (memcmp)
e:/ruanjian/mounriver_studio/toolchain/risc-v embedded gcc/bin/../lib/gcc/riscv-none-embed/8.2.0/../../../../riscv-none-embed/lib/rv32imacxw/ilp32\libg_nano.a(lib_a-memcpy.o)
                              ./Middlewares/FreeRTOS/queue.o (memcpy)
e:/ruanjian/mounriver_studio/toolchain/risc-v embedded gcc/bin/../lib/gcc/riscv-none-embed/8.2.0/../../../../riscv-none-embed/lib/rv32imacxw/ilp32\libg_nano.a(lib_a-memset.o)
                              ./Middlewares/FreeRTOS/stream_buffer.o (memset)
e:/ruanjian/mounriver_studio/toolchain/risc-v embedded gcc/bin/../lib/gcc/riscv-none-embed/8.2.0/../../../../riscv-none-embed/lib/rv32imacxw/ilp32\libg_nano.a(lib_a-nano-vfprintf_float.o)
                              (_printf_float)
e:/ruanjian/mounriver_studio/toolchain/risc-v embedded gcc/bin/../lib/gcc/riscv-none-embed/8.2.0/../../../../riscv-none-embed/lib/rv32imacxw/ilp32\libg_nano.a(lib_a-nano-vfprintf_i.o)
                              e:/ruanjian/mounriver_studio/toolchain/risc-v embedded gcc/bin/../lib/gcc/riscv-none-embed/8.2.0/../../../../riscv-none-embed/lib/rv32imacxw/ilp32\libg_nano.a(lib_a-nano-vfprintf_float.o) (_printf_common)
e:/ruanjian/mounriver_studio/toolchain/risc-v embedded gcc/bin/../lib/gcc/riscv-none-embed/8.2.0/../../../../riscv-none-embed/lib/rv32imacxw/ilp32\libg_nano.a(lib_a-printf.o)
                              ./User/ch32v30x_it.o (printf)
e:/ruanjian/mounriver_studio/toolchain/risc-v embedded gcc/bin/../lib/gcc/riscv-none-embed/8.2.0/../../../../riscv-none-embed/lib/rv32imacxw/ilp32\libg_nano.a(lib_a-puts.o)
                              ./User/ch32v30x_it.o (puts)
e:/ruanjian/mounriver_studio/toolchain/risc-v embedded gcc/bin/../lib/gcc/riscv-none-embed/8.2.0/../../../../riscv-none-embed/lib/rv32imacxw/ilp32\libg_nano.a(lib_a-snprintf.o)
                              ./Drivers/BSP/AIR724UG/AIR724UG.o (snprintf)
e:/ruanjian/mounriver_studio/toolchain/risc-v embedded gcc/bin/../lib/gcc/riscv-none-embed/8.2.0/../../../../riscv-none-embed/lib/rv32imacxw/ilp32\libg_nano.a(lib_a-strchr.o)
                              ./User/freertos_demo.o (strchr)
e:/ruanjian/mounriver_studio/toolchain/risc-v embedded gcc/bin/../lib/gcc/riscv-none-embed/8.2.0/../../../../riscv-none-embed/lib/rv32imacxw/ilp32\libg_nano.a(lib_a-strcmp.o)
                              ./User/freertos_demo.o (strcmp)
e:/ruanjian/mounriver_studio/toolchain/risc-v embedded gcc/bin/../lib/gcc/riscv-none-embed/8.2.0/../../../../riscv-none-embed/lib/rv32imacxw/ilp32\libg_nano.a(lib_a-strlen.o)
                              ./User/freertos_demo.o (strlen)
e:/ruanjian/mounriver_studio/toolchain/risc-v embedded gcc/bin/../lib/gcc/riscv-none-embed/8.2.0/../../../../riscv-none-embed/lib/rv32imacxw/ilp32\libg_nano.a(lib_a-strncmp.o)
                              ./User/freertos_demo.o (strncmp)
[...]
Memory Configuration

Name             Origin             Length             Attributes
FLASH            0x0000000000000000 0x0000000000040000 xr
RAM              0x0000000020000000 0x0000000000010000 xrw
*default*        0x0000000000000000 0xffffffffffffffff

Linker script and memory map

LOAD ./User/ch32v30x_it.o
LOAD ./User/freertos_demo.o
LOAD ./User/main.o
LOAD ./User/system_ch32v30x.o
LOAD ./Middlewares/MALLOC/malloc.o
LOAD ./Middlewares/FreeRTOS/portable/MemMang/heap_4.o
LOAD ./Middlewares/FreeRTOS/portable/GCC/RISC-V/port.o
LOAD ./Middlewares/FreeRTOS/portable/GCC/RISC-V/portASM.o
LOAD ./Middlewares/FreeRTOS/croutine.o
LOAD ./Middlewares/FreeRTOS/event_groups.o
LOAD ./Middlewares/FreeRTOS/list.o
LOAD ./Middlewares/FreeRTOS/queue.o
LOAD ./Middlewares/FreeRTOS/stream_buffer.o
LOAD ./Middlewares/FreeRTOS/tasks.o
LOAD ./Middlewares/FreeRTOS/timers.o
LOAD ./Drivers/Timer/Timer.o
LOAD ./Drivers/SYSTEM/usart/usart.o
LOAD ./Drivers/SYSTEM/sys/sys.o
LOAD ./Drivers/SYSTEM/delay/delay.o
LOAD ./Drivers/RISC_V/Startup/startup_ch32v30x_D8C.o
LOAD ./Drivers/RISC_V/Core/core_riscv.o
LOAD ./Drivers/CH32V30x_Driver/src/ch32v30x_adc.o
LOAD ./Drivers/CH32V30x_Driver/src/ch32v30x_bkp.o
LOAD ./Drivers/CH32V30x_Driver/src/ch32v30x_can.o
LOAD ./Drivers/CH32V30x_Driver/src/ch32v30x_crc.o
LOAD ./Drivers/CH32V30x_Driver/src/ch32v30x_dac.o
LOAD ./Drivers/CH32V30x_Driver/src/ch32v30x_dbgmcu.o
LOAD ./Drivers/CH32V30x_Driver/src/ch32v30x_dma.o
LOAD ./Drivers/CH32V30x_Driver/src/ch32v30x_dvp.o
LOAD ./Drivers/CH32V30x_Driver/src/ch32v30x_eth.o
LOAD ./Drivers/CH32V30x_Driver/src/ch32v30x_exti.o
LOAD ./Drivers/CH32V30x_Driver/src/ch32v30x_flash.o
LOAD ./Drivers/CH32V30x_Driver/src/ch32v30x_fsmc.o
LOAD ./Drivers/CH32V30x_Driver/src/ch32v30x_gpio.o
LOAD ./Drivers/CH32V30x_Driver/src/ch32v30x_i2c.o
LOAD ./Drivers/CH32V30x_Driver/src/ch32v30x_iwdg.o
LOAD ./Drivers/CH32V30x_Driver/src/ch32v30x_misc.o
LOAD ./Drivers/CH32V30x_Driver/src/ch32v30x_opa.o
LOAD ./Drivers/CH32V30x_Driver/src/ch32v30x_pwr.o
LOAD ./Drivers/CH32V30x_Driver/src/ch32v30x_rcc.o
LOAD ./Drivers/CH32V30x_Driver/src/ch32v30x_rng.o
LOAD ./Drivers/CH32V30x_Driver/src/ch32v30x_rtc.o
LOAD ./Drivers/CH32V30x_Driver/src/ch32v30x_sdio.o
LOAD ./Drivers/CH32V30x_Driver/src/ch32v30x_spi.o
LOAD ./Drivers/CH32V30x_Driver/src/ch32v30x_tim.o
LOAD ./Drivers/CH32V30x_Driver/src/ch32v30x_usart.o
LOAD ./Drivers/CH32V30x_Driver/src/ch32v30x_wwdg.o
LOAD ./Drivers/BSP/Timer/Timer.o
LOAD ./Drivers/BSP/OLED/oled.o
LOAD ./Drivers/BSP/LED/led.o
LOAD ./Drivers/BSP/IIC/bsp_iic.o
LOAD ./Drivers/BSP/DHT11/DHT11.o
LOAD ./Drivers/BSP/AIR724UG/AIR724UG.o
LOAD ./Drivers/BSP/AHT20/AHT20.o
LOAD ./Drivers/BSP/ADC/adc.o
LOAD e:/ruanjian/mounriver_studio/toolchain/risc-v embedded gcc/bin/../lib/gcc/riscv-none-embed/8.2.0/../../../../riscv-none-embed/lib/rv32imacxw/ilp32\libm.a
LOAD e:/ruanjian/mounriver_studio/toolchain/risc-v embedded gcc/bin/../lib/gcc/riscv-none-embed/8.2.0/rv32imacxw/ilp32\libgcc.a
LOAD e:/ruanjian/mounriver_studio/toolchain/risc-v embedded gcc/bin/../lib/gcc/riscv-none-embed/8.2.0/../../../../riscv-none-embed/lib/rv32imacxw/ilp32\libg_nano.a
LOAD e:/ruanjian/mounriver_studio/toolchain/risc-v embedded gcc/bin/../lib/gcc/riscv-none-embed/8.2.0/../../../../riscv-none-embed/lib/rv32imacxw/ilp32\libc_nano.a
LOAD e:/ruanjian/mounriver_studio/toolchain/risc-v embedded gcc/bin/../lib/gcc/riscv-none-embed/8.2.0/rv32imacxw/ilp32\libgcc.a
START GROUP
LOAD e:/ruanjian/mounriver_studio/toolchain/risc-v embedded gcc/bin/../lib/gcc/riscv-none-embed/8.2.0/rv32imacxw/ilp32\libgcc.a
LOAD e:/ruanjian/mounriver_studio/toolchain/risc-v embedded gcc/bin/../lib/gcc/riscv-none-embed/8.2.0/../../../../riscv-none-embed/lib/rv32imacxw/ilp32\libc_nano.a
LOAD e:/ruanjian/mounriver_studio/toolchain/risc-v embedded gcc/bin/../lib/gcc/riscv-none-embed/8.2.0/../../../../riscv-none-embed/lib/rv32imacxw/ilp32\libnosys.a
END GROUP
START GROUP
LOAD e:/ruanjian/mounriver_studio/toolchain/risc-v embedded gcc/bin/../lib/gcc/riscv-none-embed/8.2.0/rv32imacxw/ilp32\libgcc.a
LOAD e:/ruanjian/mounriver_studio/toolchain/risc-v embedded gcc/bin/../lib/gcc/riscv-none-embed/8.2.0/../../../../riscv-none-embed/lib/rv32imacxw/ilp32\libc_nano.a
LOAD e:/ruanjian/mounriver_studio/toolchain/risc-v embedded gcc/bin/../lib/gcc/riscv-none-embed/8.2.0/../../../../riscv-none-embed/lib/rv32imacxw/ilp32\libnosys.a
END GROUP
                0x0000000000000800                __stack_size = 0x800
                [!provide]                        PROVIDE (_stack_size = __stack_size)

.init           0x0000000000000000       0x38
                0x0000000000000000                _sinit = .
                0x0000000000000000                . = ALIGN (0x4)
 *(SORT_NONE(.init))
 .init          0x0000000000000000       0x38 ./Drivers/RISC_V/Startup/startup_ch32v30x_D8C.o
                0x0000000000000000                _start
                0x0000000000000038                . = ALIGN (0x4)
                0x0000000000000038                _einit = .

.vector         0x0000000000000038      0x1c8
 *(.vector)
 .vector        0x0000000000000038      0x1a0 ./Drivers/RISC_V/Startup/startup_ch32v30x_D8C.o
                0x0000000000000200                . = ALIGN (0x40)
 *fill*         0x00000000000001d8       0x28 

.text           0x0000000000000200     0xd9b4
                0x0000000000000200                . = ALIGN (0x4)
 *(.text)
 .text          0x0000000000000200      0x2e6 ./Middlewares/FreeRTOS/portable/GCC/RISC-V/portASM.o
                0x0000000000000200                SW_Handler
                0x0000000000000300                xPortStartFirstTask
                0x0000000000000400                pxPortInitialiseStack
 .text          0x00000000000004e6       0x60 e:/ruanjian/mounriver_studio/toolchain/risc-v embedded gcc/bin/../lib/gcc/riscv-none-embed/8.2.0/rv32imacxw/ilp32\libgcc.a(save-restore.o)
                0x00000000000004e6                __riscv_save_12
                0x00000000000004ee                __riscv_save_9
                0x00000000000004ee                __riscv_save_11
                0x00000000000004ee                __riscv_save_10
                0x00000000000004ee                __riscv_save_8
                0x00000000000004fc                __riscv_save_4
                0x00000000000004fc                __riscv_save_6
                0x00000000000004fc                __riscv_save_5
                0x00000000000004fc                __riscv_save_7
                0x0000000000000516                __riscv_save_3
                0x0000000000000516                __riscv_save_2
                0x0000000000000516                __riscv_save_1
                0x0000000000000516                __riscv_save_0
                0x0000000000000522                __riscv_restore_12
                0x0000000000000526                __riscv_restore_11
                0x0000000000000526                __riscv_restore_9
                0x0000000000000526                __riscv_restore_10
                0x0000000000000526                __riscv_restore_8
                0x0000000000000530                __riscv_restore_5
                0x0000000000000530                __riscv_restore_7
                0x0000000000000530                __riscv_restore_6
                0x0000000000000530                __riscv_restore_4
                0x000000000000053a                __riscv_restore_3
                0x000000000000053a                __riscv_restore_0
                0x000000000000053a                __riscv_restore_2
                0x000000000000053a                __riscv_restore_1
 .text          0x0000000000000546       0xa8 e:/ruanjian/mounriver_studio/toolchain/risc-v embedded gcc/bin/../lib/gcc/riscv-none-embed/8.2.0/../../../../riscv-none-embed/lib/rv32imacxw/ilp32\libg_nano.a(lib_a-memset.o)
                0x0000000000000546                memset
 .text          0x00000000000005ee      0x11a e:/ruanjian/mounriver_studio/toolchain/risc-v embedded gcc/bin/../lib/gcc/riscv-none-embed/8.2.0/../../../../riscv-none-embed/lib/rv32imacxw/ilp32\libg_nano.a(lib_a-strcmp.o)
                0x00000000000005ee                strcmp
 *(.text.*)
 .text.NMI_Handler
                0x0000000000000708        0x4 ./User/ch32v30x_it.o
                0x0000000000000708                NMI_Handler
 .text.HardFault_Handler
                0x000000000000070c        0x2 ./User/ch32v30x_it.o
                0x000000000000070c                HardFault_Handler
 .text.vApplicationStackOverflowHook
                0x000000000000070e       0x12 ./User/ch32v30x_it.o
                0x000000000000070e                vApplicationStackOverflowHook
 .text.vApplicationMallocFailedHook
                0x0000000000000720       0x12 ./User/ch32v30x_it.o
                0x0000000000000720                vApplicationMallocFailedHook
 .text.start_task
                0x0000000000000732      0x110 ./User/freertos_demo.o
                0x0000000000000732                start_task
 .text.sensor_task
                0x0000000000000842       0x40 ./User/freertos_demo.o
                0x0000000000000842                sensor_task
 .text.servo_task
                0x0000000000000882       0x40 ./User/freertos_demo.o
                0x0000000000000882                servo_task
 .text.display_task
                0x00000000000008c2      0x230 ./User/freertos_demo.o
                0x00000000000008c2                display_task
 .text.mqtt_task
                0x0000000000000af2       0x56 ./User/freertos_demo.o
                0x0000000000000af2                mqtt_task
 .text.dc01_task
                0x0000000000000b48      0x146 ./User/freertos_demo.o
                0x0000000000000b48                dc01_task
 .text.link_task
                0x0000000000000c8e       0xb0 ./User/freertos_demo.o
                0x0000000000000c8e                link_task
 .text.json_get_bool_in_obj.part.0.constprop.6
                0x0000000000000d3e       0xb8 ./User/freertos_demo.o
 .text.receive_task
                0x0000000000000df6      0x352 ./User/freertos_demo.o
                0x0000000000000df6                receive_task
 .text.freertos_demo
                0x0000000000001148       0x70 ./User/freertos_demo.o
                0x0000000000001148                freertos_demo
 .text.startup.main
                0x00000000000011b8       0x52 ./User/main.o
                0x00000000000011b8                main
 .text.SystemInit
                0x000000000000120a       0xf8 ./User/system_ch32v30x.o
                0x000000000000120a                SystemInit
 .text.prvInsertBlockIntoFreeList
                0x0000000000001302       0x4c ./Middlewares/FreeRTOS/portable/MemMang/heap_4.o
 .text.pvPortMalloc
                0x000000000000134e      0x194 ./Middlewares/FreeRTOS/portable/MemMang/heap_4.o
                0x000000000000134e                pvPortMalloc
 .text.vPortFree
                0x00000000000014e2       0xa6 ./Middlewares/FreeRTOS/portable/MemMang/heap_4.o
                0x00000000000014e2                vPortFree
 .text.vPortSetupTimerInterrupt
                0x0000000000001588        0x2 ./Middlewares/FreeRTOS/portable/GCC/RISC-V/port.o
                0x0000000000001588                vPortSetupTimerInterrupt
 .text.xPortStartScheduler
                0x000000000000158a       0x8e ./Middlewares/FreeRTOS/portable/GCC/RISC-V/port.o
                0x000000000000158a                xPortStartScheduler
 .text.SysTick_Handler
                0x0000000000001618       0x38 ./Middlewares/FreeRTOS/portable/GCC/RISC-V/port.o
                0x0000000000001618                SysTick_Handler
 .text.vPortEnterCritical
                0x0000000000001650       0x16 ./Middlewares/FreeRTOS/portable/GCC/RISC-V/port.o
                0x0000000000001650                vPortEnterCritical
 .text.vPortExitCritical
                0x0000000000001666       0x42 ./Middlewares/FreeRTOS/portable/GCC/RISC-V/port.o
                0x0000000000001666                vPortExitCritical
 .text.xPortSetInterruptMask
                0x00000000000016a8        0xc ./Middlewares/FreeRTOS/portable/GCC/RISC-V/port.o
                0x00000000000016a8                xPortSetInterruptMask
 .text.vPortClearInterruptMask
                0x00000000000016b4        0x6 ./Middlewares/FreeRTOS/portable/GCC/RISC-V/port.o
                0x00000000000016b4                vPortClearInterruptMask
 .text.vListInitialise
                0x00000000000016ba       0x14 ./Middlewares/FreeRTOS/list.o
                0x00000000000016ba                vListInitialise
 .text.vListInitialiseItem
                0x00000000000016ce        0x6 ./Middlewares/FreeRTOS/list.o
                0x00000000000016ce                vListInitialiseItem
 .text.vListInsertEnd
                0x00000000000016d4       0x18 ./Middlewares/FreeRTOS/list.o
                0x00000000000016d4                vListInsertEnd
 .text.vListInsert
                0x00000000000016ec       0x2e ./Middlewares/FreeRTOS/list.o
                0x00000000000016ec                vListInsert
 .text.uxListRemove
                0x000000000000171a       0x20 ./Middlewares/FreeRTOS/list.o
                0x000000000000171a                uxListRemove
 .text.prvIsQueueEmpty
                0x000000000000173a       0x1a ./Middlewares/FreeRTOS/queue.o
 .text.prvCopyDataToQueue
                0x0000000000001754       0x72 ./Middlewares/FreeRTOS/queue.o
 .text.prvCopyDataFromQueue
                0x00000000000017c6       0x28 ./Middlewares/FreeRTOS/queue.o
 .text.prvUnlockQueue
                0x00000000000017ee       0x6e ./Middlewares/FreeRTOS/queue.o
 .text.xQueueGenericReset
                0x000000000000185c       0xbc ./Middlewares/FreeRTOS/queue.o
                0x000000000000185c                xQueueGenericReset
 .text.xQueueGenericCreate
                0x0000000000001918       0x72 ./Middlewares/FreeRTOS/queue.o
                0x0000000000001918                xQueueGenericCreate
 .text.xQueueGenericSend
                0x000000000000198a      0x18e ./Middlewares/FreeRTOS/queue.o
                0x000000000000198a                xQueueGenericSend
 .text.xQueueCreateMutex
                0x0000000000001b18       0x2a ./Middlewares/FreeRTOS/queue.o
                0x0000000000001b18                xQueueCreateMutex
 .text.xQueueGiveMutexRecursive
                0x0000000000001b42       0x54 ./Middlewares/FreeRTOS/queue.o
                0x0000000000001b42                xQueueGiveMutexRecursive
 .text.xQueueGenericSendFromISR
                0x0000000000001b96      0x128 ./Middlewares/FreeRTOS/queue.o
                0x0000000000001b96                xQueueGenericSendFromISR
 .text.xQueueGiveFromISR
                0x0000000000001cbe      0x104 ./Middlewares/FreeRTOS/queue.o
                0x0000000000001cbe                xQueueGiveFromISR
 .text.xQueueReceive
                0x0000000000001dc2      0x166 ./Middlewares/FreeRTOS/queue.o
                0x0000000000001dc2                xQueueReceive
 .text.xQueueSemaphoreTake
                0x0000000000001f28      0x1be ./Middlewares/FreeRTOS/queue.o
                0x0000000000001f28                xQueueSemaphoreTake
 .text.xQueueTakeMutexRecursive
                0x00000000000020e6       0x58 ./Middlewares/FreeRTOS/queue.o
                0x00000000000020e6                xQueueTakeMutexRecursive
 .text.vQueueAddToRegistry
                0x000000000000213e       0x6c ./Middlewares/FreeRTOS/queue.o
                0x000000000000213e                vQueueAddToRegistry
 .text.vQueueWaitForMessageRestricted
                0x00000000000021aa       0x5c ./Middlewares/FreeRTOS/queue.o
                0x00000000000021aa                vQueueWaitForMessageRestricted
 .text.prvResetNextTaskUnblockTime
                0x0000000000002206       0x24 ./Middlewares/FreeRTOS/tasks.o
 .text.prvAddCurrentTaskToDelayedList
                0x000000000000222a       0xa6 ./Middlewares/FreeRTOS/tasks.o
 .text.prvIdleTask
                0x00000000000022d0       0x6e ./Middlewares/FreeRTOS/tasks.o
 .text.xTaskCreate
                0x000000000000233e      0x21a ./Middlewares/FreeRTOS/tasks.o
                0x000000000000233e                xTaskCreate
 .text.vTaskDelete
                0x0000000000002558       0xd2 ./Middlewares/FreeRTOS/tasks.o
                0x0000000000002558                vTaskDelete
 .text.vTaskStartScheduler
                0x000000000000262a       0x92 ./Middlewares/FreeRTOS/tasks.o
                0x000000000000262a                vTaskStartScheduler
 .text.vTaskSuspendAll
                0x00000000000026bc       0x10 ./Middlewares/FreeRTOS/tasks.o
                0x00000000000026bc                vTaskSuspendAll
 .text.xTaskGetTickCount
                0x00000000000026cc        0xa ./Middlewares/FreeRTOS/tasks.o
                0x00000000000026cc                xTaskGetTickCount
 .text.xTaskIncrementTick
                0x00000000000026d6      0x1ac ./Middlewares/FreeRTOS/tasks.o
                0x00000000000026d6                xTaskIncrementTick
 .text.xTaskResumeAll
                0x0000000000002882      0x168 ./Middlewares/FreeRTOS/tasks.o
                0x0000000000002882                xTaskResumeAll
 .text.xTaskDelayUntil
                0x00000000000029ea       0xd2 ./Middlewares/FreeRTOS/tasks.o
                0x00000000000029ea                xTaskDelayUntil
 .text.vTaskDelay
                0x0000000000002abc       0x66 ./Middlewares/FreeRTOS/tasks.o
                0x0000000000002abc                vTaskDelay
 .text.vTaskSwitchContext
                0x0000000000002b22       0xd2 ./Middlewares/FreeRTOS/tasks.o
                0x0000000000002b22                vTaskSwitchContext
 .text.vTaskPlaceOnEventList
                0x0000000000002bf4       0x48 ./Middlewares/FreeRTOS/tasks.o
                0x0000000000002bf4                vTaskPlaceOnEventList
 .text.vTaskPlaceOnEventListRestricted
                0x0000000000002c3c       0x76 ./Middlewares/FreeRTOS/tasks.o
                0x0000000000002c3c                vTaskPlaceOnEventListRestricted
 .text.xTaskRemoveFromEventList
                0x0000000000002cb2       0xec ./Middlewares/FreeRTOS/tasks.o
                0x0000000000002cb2                xTaskRemoveFromEventList
 .text.vTaskInternalSetTimeOutState
                0x0000000000002d9e       0x16 ./Middlewares/FreeRTOS/tasks.o
                0x0000000000002d9e                vTaskInternalSetTimeOutState
 .text.xTaskCheckForTimeOut
                0x0000000000002db4       0xc8 ./Middlewares/FreeRTOS/tasks.o
                0x0000000000002db4                xTaskCheckForTimeOut
 .text.vTaskMissedYield
                0x0000000000002e7c        0xc ./Middlewares/FreeRTOS/tasks.o
                0x0000000000002e7c                vTaskMissedYield
 .text.xTaskGetCurrentTaskHandle
                0x0000000000002e88        0xa ./Middlewares/FreeRTOS/tasks.o
                0x0000000000002e88                xTaskGetCurrentTaskHandle
 .text.xTaskGetSchedulerState
                0x0000000000002e92       0x1c ./Middlewares/FreeRTOS/tasks.o
                0x0000000000002e92                xTaskGetSchedulerState
 .text.xTaskPriorityInherit
                0x0000000000002eae       0xae ./Middlewares/FreeRTOS/tasks.o
                0x0000000000002eae                xTaskPriorityInherit
 .text.xTaskPriorityDisinherit
                0x0000000000002f5c       0xca ./Middlewares/FreeRTOS/tasks.o
                0x0000000000002f5c                xTaskPriorityDisinherit
 .text.vTaskPriorityDisinheritAfterTimeout
                0x0000000000003026       0xe6 ./Middlewares/FreeRTOS/tasks.o
                0x0000000000003026                vTaskPriorityDisinheritAfterTimeout
 .text.pvTaskIncrementMutexHeldCount
                0x000000000000310c       0x1c ./Middlewares/FreeRTOS/tasks.o
                0x000000000000310c                pvTaskIncrementMutexHeldCount
 .text.prvCheckForValidListAndQueue
                0x0000000000003128       0x66 ./Middlewares/FreeRTOS/timers.o
 .text.prvInsertTimerInActiveList
                0x000000000000318e       0x46 ./Middlewares/FreeRTOS/timers.o
 .text.prvReloadTimer
                0x00000000000031d4       0x28 ./Middlewares/FreeRTOS/timers.o
 .text.prvProcessExpiredTimer
                0x00000000000031fc       0x44 ./Middlewares/FreeRTOS/timers.o
 .text.prvSwitchTimerLists
                0x0000000000003240       0x2e ./Middlewares/FreeRTOS/timers.o
 .text.prvTimerTask
                0x000000000000326e      0x198 ./Middlewares/FreeRTOS/timers.o
 .text.xTimerCreateTimerTask
                0x0000000000003406       0x60 ./Middlewares/FreeRTOS/timers.o
                0x0000000000003406                xTimerCreateTimerTask
 .text.usart_init
                0x0000000000003466       0x9a ./Drivers/SYSTEM/usart/usart.o
                0x0000000000003466                usart_init
 .text.USART1_IRQHandler
                0x0000000000003500       0xa4 ./Drivers/SYSTEM/usart/usart.o
                0x0000000000003500                USART1_IRQHandler
 .text.UART_init
                0x00000000000035a4       0x4a ./Drivers/SYSTEM/usart/usart.o
                0x00000000000035a4                UART_init
 .text._write   0x00000000000035ee       0x72 ./Drivers/SYSTEM/usart/usart.o
                0x00000000000035ee                _write
 .text.dc01_uart_init
                0x0000000000003660       0xb2 ./Drivers/SYSTEM/usart/usart.o
                0x0000000000003660                dc01_uart_init
 .text.USART3_IRQHandler
                0x0000000000003712       0x70 ./Drivers/SYSTEM/usart/usart.o
                0x0000000000003712                USART3_IRQHandler
 .text.delay_init
                0x0000000000003782       0x42 ./Drivers/SYSTEM/delay/delay.o
                0x0000000000003782                delay_init
 .text.delay_us
                0x00000000000037c4       0x40 ./Drivers/SYSTEM/delay/delay.o
                0x00000000000037c4                delay_us
 .text.delay_ms
                0x0000000000003804       0x1c ./Drivers/SYSTEM/delay/delay.o
                0x0000000000003804                delay_ms
 .text.vector_handler
                0x0000000000003820       0xbe ./Drivers/RISC_V/Startup/startup_ch32v30x_D8C.o
                0x0000000000003824                Ecall_M_Mode_Handler
                0x0000000000003826                Ecall_U_Mode_Handler
                0x0000000000003828                Break_Point_Handler
                0x000000000000382e                WWDG_IRQHandler
                0x0000000000003830                PVD_IRQHandler
                0x0000000000003832                TAMPER_IRQHandler
                0x0000000000003834                RTC_IRQHandler
                0x0000000000003836                FLASH_IRQHandler
                0x0000000000003838                RCC_IRQHandler
                0x000000000000383a                EXTI0_IRQHandler
                0x000000000000383c                EXTI1_IRQHandler
                0x000000000000383e                EXTI2_IRQHandler
                0x0000000000003840                EXTI3_IRQHandler
                0x0000000000003842                EXTI4_IRQHandler
                0x0000000000003844                DMA1_Channel1_IRQHandler
                0x0000000000003846                DMA1_Channel2_IRQHandler
                0x0000000000003848                DMA1_Channel3_IRQHandler
                0x000000000000384a                DMA1_Channel4_IRQHandler
                0x000000000000384c                DMA1_Channel5_IRQHandler
                0x000000000000384e                DMA1_Channel6_IRQHandler
                0x0000000000003850                DMA1_Channel7_IRQHandler
                0x0000000000003852                ADC1_2_IRQHandler
                0x0000000000003854                USB_HP_CAN1_TX_IRQHandler
                0x0000000000003856                USB_LP_CAN1_RX0_IRQHandler
                0x0000000000003858                CAN1_RX1_IRQHandler
                0x000000000000385a                CAN1_SCE_IRQHandler
                0x000000000000385c                EXTI9_5_IRQHandler
                0x000000000000385e                TIM1_BRK_IRQHandler
                0x0000000000003860                TIM1_UP_IRQHandler
                0x0000000000003862                TIM1_TRG_COM_IRQHandler
                0x0000000000003864                TIM1_CC_IRQHandler
                0x0000000000003866                TIM2_IRQHandler
                0x0000000000003868                TIM3_IRQHandler
                0x000000000000386a                TIM4_IRQHandler
                0x000000000000386c                I2C1_EV_IRQHandler
                0x000000000000386e                I2C1_ER_IRQHandler
                0x0000000000003870                I2C2_EV_IRQHandler
                0x0000000000003872                I2C2_ER_IRQHandler
                0x0000000000003874                SPI1_IRQHandler
                0x0000000000003876                SPI2_IRQHandler
                0x000000000000387a                USART2_IRQHandler
                0x000000000000387e                EXTI15_10_IRQHandler
                0x0000000000003880                RTCAlarm_IRQHandler
                0x0000000000003882                USBWakeUp_IRQHandler
                0x0000000000003884                TIM8_BRK_IRQHandler
                0x0000000000003886                TIM8_UP_IRQHandler
                0x0000000000003888                TIM8_TRG_COM_IRQHandler
                0x000000000000388a                TIM8_CC_IRQHandler
                0x000000000000388c                RNG_IRQHandler
                0x000000000000388e                FSMC_IRQHandler
                0x0000000000003890                SDIO_IRQHandler
                0x0000000000003892                TIM5_IRQHandler
                0x0000000000003894                SPI3_IRQHandler
                0x0000000000003896                UART4_IRQHandler
                0x0000000000003898                UART5_IRQHandler
                0x000000000000389a                TIM6_IRQHandler
                0x000000000000389c                TIM7_IRQHandler
                0x000000000000389e                DMA2_Channel1_IRQHandler
                0x00000000000038a0                DMA2_Channel2_IRQHandler
                0x00000000000038a2                DMA2_Channel3_IRQHandler
                0x00000000000038a4                DMA2_Channel4_IRQHandler
                0x00000000000038a6                DMA2_Channel5_IRQHandler
                0x00000000000038a8                ETH_IRQHandler
                0x00000000000038aa                ETH_WKUP_IRQHandler
                0x00000000000038ac                CAN2_TX_IRQHandler
                0x00000000000038ae                CAN2_RX0_IRQHandler
                0x00000000000038b0                CAN2_RX1_IRQHandler
                0x00000000000038b2                CAN2_SCE_IRQHandler
                0x00000000000038b4                OTG_FS_IRQHandler
                0x00000000000038b6                USBHSWakeup_IRQHandler
                0x00000000000038b8                USBHS_IRQHandler
                0x00000000000038ba                DVP_IRQHandler
                0x00000000000038bc                UART6_IRQHandler
                0x00000000000038be                UART7_IRQHandler
                0x00000000000038c0                UART8_IRQHandler
                0x00000000000038c2                TIM9_BRK_IRQHandler
                0x00000000000038c4                TIM9_UP_IRQHandler
                0x00000000000038c6                TIM9_TRG_COM_IRQHandler
                0x00000000000038c8                TIM9_CC_IRQHandler
                0x00000000000038ca                TIM10_BRK_IRQHandler
                0x00000000000038cc                TIM10_UP_IRQHandler
                0x00000000000038ce                TIM10_TRG_COM_IRQHandler
                0x00000000000038d0                TIM10_CC_IRQHandler
                0x00000000000038d2                DMA2_Channel6_IRQHandler
                0x00000000000038d4                DMA2_Channel7_IRQHandler
                0x00000000000038d6                DMA2_Channel8_IRQHandler
                0x00000000000038d8                DMA2_Channel9_IRQHandler
                0x00000000000038da                DMA2_Channel10_IRQHandler
                0x00000000000038dc                DMA2_Channel11_IRQHandler
 .text.handle_reset
                0x00000000000038de       0x92 ./Drivers/RISC_V/Startup/startup_ch32v30x_D8C.o
                0x00000000000038de                handle_reset
 .text.ADC_DeInit
                0x0000000000003970       0x40 ./Drivers/CH32V30x_Driver/src/ch32v30x_adc.o
                0x0000000000003970                ADC_DeInit
 .text.ADC_Init
                0x00000000000039b0       0x56 ./Drivers/CH32V30x_Driver/src/ch32v30x_adc.o
                0x00000000000039b0                ADC_Init
 .text.ADC_Cmd  0x0000000000003a06       0x10 ./Drivers/CH32V30x_Driver/src/ch32v30x_adc.o
                0x0000000000003a06                ADC_Cmd
 .text.ADC_ResetCalibration
                0x0000000000003a16        0xa ./Drivers/CH32V30x_Driver/src/ch32v30x_adc.o
                0x0000000000003a16                ADC_ResetCalibration
 .text.ADC_GetResetCalibrationStatus
                0x0000000000003a20        0x8 ./Drivers/CH32V30x_Driver/src/ch32v30x_adc.o
                0x0000000000003a20                ADC_GetResetCalibrationStatus
 .text.ADC_StartCalibration
                0x0000000000003a28        0xa ./Drivers/CH32V30x_Driver/src/ch32v30x_adc.o
                0x0000000000003a28                ADC_StartCalibration
 .text.ADC_GetCalibrationStatus
                0x0000000000003a32        0x8 ./Drivers/CH32V30x_Driver/src/ch32v30x_adc.o
                0x0000000000003a32                ADC_GetCalibrationStatus
 .text.ADC_SoftwareStartConvCmd
                0x0000000000003a3a       0x18 ./Drivers/CH32V30x_Driver/src/ch32v30x_adc.o
                0x0000000000003a3a                ADC_SoftwareStartConvCmd
 .text.ADC_RegularChannelConfig
                0x0000000000003a52       0xb8 ./Drivers/CH32V30x_Driver/src/ch32v30x_adc.o
                0x0000000000003a52                ADC_RegularChannelConfig
 .text.ADC_GetConversionValue
                0x0000000000003b0a        0x8 ./Drivers/CH32V30x_Driver/src/ch32v30x_adc.o
                0x0000000000003b0a                ADC_GetConversionValue
 .text.ADC_GetFlagStatus
                0x0000000000003b12        0xa ./Drivers/CH32V30x_Driver/src/ch32v30x_adc.o
                0x0000000000003b12                ADC_GetFlagStatus
 .text.GPIO_Init
                0x0000000000003b1c       0xc0 ./Drivers/CH32V30x_Driver/src/ch32v30x_gpio.o
                0x0000000000003b1c                GPIO_Init
 .text.GPIO_ReadInputDataBit
                0x0000000000003bdc        0xa ./Drivers/CH32V30x_Driver/src/ch32v30x_gpio.o
                0x0000000000003bdc                GPIO_ReadInputDataBit
 .text.GPIO_SetBits
                0x0000000000003be6        0x4 ./Drivers/CH32V30x_Driver/src/ch32v30x_gpio.o
                0x0000000000003be6                GPIO_SetBits
 .text.GPIO_ResetBits
                0x0000000000003bea        0x4 ./Drivers/CH32V30x_Driver/src/ch32v30x_gpio.o
                0x0000000000003bea                GPIO_ResetBits
 .text.GPIO_WriteBit
                0x0000000000003bee        0xa ./Drivers/CH32V30x_Driver/src/ch32v30x_gpio.o
                0x0000000000003bee                GPIO_WriteBit
 .text.NVIC_PriorityGroupConfig
                0x0000000000003bf8        0xa ./Drivers/CH32V30x_Driver/src/ch32v30x_misc.o
                0x0000000000003bf8                NVIC_PriorityGroupConfig
 .text.NVIC_Init
                0x0000000000003c02       0xaa ./Drivers/CH32V30x_Driver/src/ch32v30x_misc.o
                0x0000000000003c02                NVIC_Init
 .text.RCC_ADCCLKConfig
                0x0000000000003cac       0x12 ./Drivers/CH32V30x_Driver/src/ch32v30x_rcc.o
                0x0000000000003cac                RCC_ADCCLKConfig
 .text.RCC_GetClocksFreq
                0x0000000000003cbe      0x176 ./Drivers/CH32V30x_Driver/src/ch32v30x_rcc.o
                0x0000000000003cbe                RCC_GetClocksFreq
 .text.RCC_APB2PeriphClockCmd
                0x0000000000003e34       0x1e ./Drivers/CH32V30x_Driver/src/ch32v30x_rcc.o
                0x0000000000003e34                RCC_APB2PeriphClockCmd
 .text.RCC_APB1PeriphClockCmd
                0x0000000000003e52       0x1e ./Drivers/CH32V30x_Driver/src/ch32v30x_rcc.o
                0x0000000000003e52                RCC_APB1PeriphClockCmd
 .text.RCC_APB2PeriphResetCmd
                0x0000000000003e70       0x1e ./Drivers/CH32V30x_Driver/src/ch32v30x_rcc.o
                0x0000000000003e70                RCC_APB2PeriphResetCmd
 .text.TIM_TimeBaseInit
                0x0000000000003e8e       0xaa ./Drivers/CH32V30x_Driver/src/ch32v30x_tim.o
                0x0000000000003e8e                TIM_TimeBaseInit
 .text.TIM_OC1Init
                0x0000000000003f38       0x82 ./Drivers/CH32V30x_Driver/src/ch32v30x_tim.o
                0x0000000000003f38                TIM_OC1Init
 .text.TIM_OC2Init
                0x0000000000003fba       0xae ./Drivers/CH32V30x_Driver/src/ch32v30x_tim.o
                0x0000000000003fba                TIM_OC2Init
 .text.TIM_OC3Init
                0x0000000000004068       0xac ./Drivers/CH32V30x_Driver/src/ch32v30x_tim.o
                0x0000000000004068                TIM_OC3Init
 .text.TIM_OC4Init
                0x0000000000004114       0x88 ./Drivers/CH32V30x_Driver/src/ch32v30x_tim.o
                0x0000000000004114                TIM_OC4Init
 .text.TIM_OCStructInit
                0x000000000000419c       0x22 ./Drivers/CH32V30x_Driver/src/ch32v30x_tim.o
                0x000000000000419c                TIM_OCStructInit
 .text.TIM_Cmd  0x00000000000041be       0x18 ./Drivers/CH32V30x_Driver/src/ch32v30x_tim.o
                0x00000000000041be                TIM_Cmd
 .text.TIM_InternalClockConfig
                0x00000000000041d6       0x10 ./Drivers/CH32V30x_Driver/src/ch32v30x_tim.o
                0x00000000000041d6                TIM_InternalClockConfig
 .text.TIM_OC1PreloadConfig
                0x00000000000041e6        0xe ./Drivers/CH32V30x_Driver/src/ch32v30x_tim.o
                0x00000000000041e6                TIM_OC1PreloadConfig
 .text.TIM_OC2PreloadConfig
                0x00000000000041f4       0x16 ./Drivers/CH32V30x_Driver/src/ch32v30x_tim.o
                0x00000000000041f4                TIM_OC2PreloadConfig
 .text.TIM_OC3PreloadConfig
                0x000000000000420a        0xe ./Drivers/CH32V30x_Driver/src/ch32v30x_tim.o
                0x000000000000420a                TIM_OC3PreloadConfig
 .text.TIM_OC4PreloadConfig
                0x0000000000004218       0x16 ./Drivers/CH32V30x_Driver/src/ch32v30x_tim.o
                0x0000000000004218                TIM_OC4PreloadConfig
 .text.TIM_SetCompare1
                0x000000000000422e        0x4 ./Drivers/CH32V30x_Driver/src/ch32v30x_tim.o
                0x000000000000422e                TIM_SetCompare1
 .text.TIM_SetCompare2
                0x0000000000004232        0x4 ./Drivers/CH32V30x_Driver/src/ch32v30x_tim.o
                0x0000000000004232                TIM_SetCompare2
 .text.TIM_SetCompare3
                0x0000000000004236        0x4 ./Drivers/CH32V30x_Driver/src/ch32v30x_tim.o
                0x0000000000004236                TIM_SetCompare3
 .text.TIM_SetCompare4
                0x000000000000423a        0x6 ./Drivers/CH32V30x_Driver/src/ch32v30x_tim.o
                0x000000000000423a                TIM_SetCompare4
 .text.USART_Init
                0x0000000000004240       0xbc ./Drivers/CH32V30x_Driver/src/ch32v30x_usart.o
                0x0000000000004240                USART_Init
 .text.USART_Cmd
                0x00000000000042fc       0x16 ./Drivers/CH32V30x_Driver/src/ch32v30x_usart.o
                0x00000000000042fc                USART_Cmd
 .text.USART_ITConfig
                0x0000000000004312       0x36 ./Drivers/CH32V30x_Driver/src/ch32v30x_usart.o
                0x0000000000004312                USART_ITConfig
 .text.USART_SendData
                0x0000000000004348        0x8 ./Drivers/CH32V30x_Driver/src/ch32v30x_usart.o
                0x0000000000004348                USART_SendData
 .text.USART_ReceiveData
                0x0000000000004350        0x8 ./Drivers/CH32V30x_Driver/src/ch32v30x_usart.o
                0x0000000000004350                USART_ReceiveData
 .text.USART_GetFlagStatus
                0x0000000000004358        0xa ./Drivers/CH32V30x_Driver/src/ch32v30x_usart.o
                0x0000000000004358                USART_GetFlagStatus
 .text.USART_ClearFlag
                0x0000000000004362        0xc ./Drivers/CH32V30x_Driver/src/ch32v30x_usart.o
                0x0000000000004362                USART_ClearFlag
 .text.USART_GetITStatus
                0x000000000000436e       0x3c ./Drivers/CH32V30x_Driver/src/ch32v30x_usart.o
                0x000000000000436e                USART_GetITStatus
 .text.PWM_Init
                0x00000000000043aa       0xdc ./Drivers/BSP/Timer/Timer.o
                0x00000000000043aa                PWM_Init
 .text.PWM_SetCompare1
                0x0000000000004486       0x16 ./Drivers/BSP/Timer/Timer.o
                0x0000000000004486                PWM_SetCompare1
 .text.PWM_SetCompare2
                0x000000000000449c       0x16 ./Drivers/BSP/Timer/Timer.o
                0x000000000000449c                PWM_SetCompare2
 .text.PWM_SetCompare3
                0x00000000000044b2       0x16 ./Drivers/BSP/Timer/Timer.o
                0x00000000000044b2                PWM_SetCompare3
 .text.PWM_SetCompare4
                0x00000000000044c8       0x16 ./Drivers/BSP/Timer/Timer.o
                0x00000000000044c8                PWM_SetCompare4
 .text.Servo_Init
                0x00000000000044de        0xc ./Drivers/BSP/Timer/Timer.o
                0x00000000000044de                Servo_Init
 .text.Servo1_SetAngle
                0x00000000000044ea       0x38 ./Drivers/BSP/Timer/Timer.o
                0x00000000000044ea                Servo1_SetAngle
 .text.Servo2_SetAngle
                0x0000000000004522       0x38 ./Drivers/BSP/Timer/Timer.o
                0x0000000000004522                Servo2_SetAngle
 .text.Servo3_SetAngle
                0x000000000000455a       0x38 ./Drivers/BSP/Timer/Timer.o
                0x000000000000455a                Servo3_SetAngle
 .text.Servo4_SetAngle
                0x0000000000004592       0x38 ./Drivers/BSP/Timer/Timer.o
                0x0000000000004592                Servo4_SetAngle
 .text.IIC_delay
                0x00000000000045ca        0xe ./Drivers/BSP/OLED/oled.o
                0x00000000000045ca                IIC_delay
 .text.I2C_Start
                0x00000000000045d8       0x40 ./Drivers/BSP/OLED/oled.o
                0x00000000000045d8                I2C_Start
 .text.I2C_Stop
                0x0000000000004618       0x2e ./Drivers/BSP/OLED/oled.o
                0x0000000000004618                I2C_Stop
 .text.I2C_WaitAck
                0x0000000000004646       0x34 ./Drivers/BSP/OLED/oled.o
                0x0000000000004646                I2C_WaitAck
 .text.Send_Byte
                0x000000000000467a       0x52 ./Drivers/BSP/OLED/oled.o
                0x000000000000467a                Send_Byte
 .text.OLED_WR_Byte
                0x00000000000046cc       0x40 ./Drivers/BSP/OLED/oled.o
                0x00000000000046cc                OLED_WR_Byte
 .text.OLED_Refresh
                0x000000000000470c       0x7c ./Drivers/BSP/OLED/oled.o
                0x000000000000470c                OLED_Refresh
 .text.OLED_Clear
                0x0000000000004788       0x38 ./Drivers/BSP/OLED/oled.o
                0x0000000000004788                OLED_Clear
 .text.OLED_DrawPoint
                0x00000000000047c0       0x30 ./Drivers/BSP/OLED/oled.o
                0x00000000000047c0                OLED_DrawPoint
 .text.OLED_ShowChar
                0x00000000000047f0      0x11c ./Drivers/BSP/OLED/oled.o
                0x00000000000047f0                OLED_ShowChar
 .text.OLED_ShowString
                0x000000000000490c       0x48 ./Drivers/BSP/OLED/oled.o
                0x000000000000490c                OLED_ShowString
 .text.OLED_ShowNum
                0x0000000000004954       0x74 ./Drivers/BSP/OLED/oled.o
                0x0000000000004954                OLED_ShowNum
 .text.OLED_Init
                0x00000000000049c8      0x122 ./Drivers/BSP/OLED/oled.o
                0x00000000000049c8                OLED_Init
 .text.Led_Init
                0x0000000000004aea       0x80 ./Drivers/BSP/LED/led.o
                0x0000000000004aea                Led_Init
 .text.Soft_I2C_Configuration
                0x0000000000004b6a       0x4a ./Drivers/BSP/IIC/bsp_iic.o
                0x0000000000004b6a                Soft_I2C_Configuration
 .text.I2C_Bus_Init
                0x0000000000004bb4       0x12 ./Drivers/BSP/IIC/bsp_iic.o
                0x0000000000004bb4                I2C_Bus_Init
 .text.delay_10s
                0x0000000000004bc6       0x1a ./Drivers/BSP/AIR724UG/AIR724UG.o
                0x0000000000004bc6                delay_10s
 .text.AIR724UG_PowerOn
                0x0000000000004be0       0x78 ./Drivers/BSP/AIR724UG/AIR724UG.o
                0x0000000000004be0                AIR724UG_PowerOn
 .text.AIR724UG_AT_Init
                0x0000000000004c58       0x48 ./Drivers/BSP/AIR724UG/AIR724UG.o
                0x0000000000004c58                AIR724UG_AT_Init
 .text.at_arm_urc
                0x0000000000004ca0       0x1a ./Drivers/BSP/AIR724UG/AIR724UG.o
                0x0000000000004ca0                at_arm_urc
 .text.at_wait_urc
                0x0000000000004cba       0x36 ./Drivers/BSP/AIR724UG/AIR724UG.o
                0x0000000000004cba                at_wait_urc
 .text.at_urc_check_line
                0x0000000000004cf0       0x28 ./Drivers/BSP/AIR724UG/AIR724UG.o
                0x0000000000004cf0                at_urc_check_line
 .text.at_send_cmd
                0x0000000000004d18      0x10a ./Drivers/BSP/AIR724UG/AIR724UG.o
                0x0000000000004d18                at_send_cmd
 .text.at_try.constprop.0
                0x0000000000004e22       0x2e ./Drivers/BSP/AIR724UG/AIR724UG.o
 .text.AIR724UG_Ping
                0x0000000000004e50       0x1a ./Drivers/BSP/AIR724UG/AIR724UG.o
                0x0000000000004e50                AIR724UG_Ping
 .text.AIR724UG_Mqtt_connect
                0x0000000000004e6a      0x174 ./Drivers/BSP/AIR724UG/AIR724UG.o
                0x0000000000004e6a                AIR724UG_Mqtt_connect
 .text.OneNET_Subscribe
                0x0000000000004fde       0x60 ./Drivers/BSP/AIR724UG/AIR724UG.o
                0x0000000000004fde                OneNET_Subscribe
 .text.shuju1   0x000000000000503e       0xbe ./Drivers/BSP/AIR724UG/AIR724UG.o
                0x000000000000503e                shuju1
 .text.AHT20_I2C_Start
                0x00000000000050fc       0x54 ./Drivers/BSP/AHT20/AHT20.o
 .text.AHT20_I2C_Stop
                0x0000000000005150       0x42 ./Drivers/BSP/AHT20/AHT20.o
 .text.AHT20_I2C_SendByte
                0x0000000000005192       0xce ./Drivers/BSP/AHT20/AHT20.o
 .text.AHT20_ReadReg.constprop.2
                0x0000000000005260       0xe6 ./Drivers/BSP/AHT20/AHT20.o
 .text.AHT20_WriteReg.constprop.3
                0x0000000000005346       0x40 ./Drivers/BSP/AHT20/AHT20.o
 .text.ATH20_Read_Status
                0x0000000000005386       0x18 ./Drivers/BSP/AHT20/AHT20.o
                0x0000000000005386                ATH20_Read_Status
 .text.ATH20_Read_Cal_Enable
                0x000000000000539e       0x16 ./Drivers/BSP/AHT20/AHT20.o
                0x000000000000539e                ATH20_Read_Cal_Enable
 .text.ATH20_Read_CTdata
                0x00000000000053b4       0x80 ./Drivers/BSP/AHT20/AHT20.o
                0x00000000000053b4                ATH20_Read_CTdata
 .text.ATH20_Init
                0x0000000000005434       0xbc ./Drivers/BSP/AHT20/AHT20.o
                0x0000000000005434                ATH20_Init
 .text.ADC_Pin_Init
                0x00000000000054f0       0xa2 ./Drivers/BSP/ADC/adc.o
                0x00000000000054f0                ADC_Pin_Init
 .text.Get_Adc  0x0000000000005592       0x3a ./Drivers/BSP/ADC/adc.o
                0x0000000000005592                Get_Adc
 .text.Get_Adc_Average
                0x00000000000055cc       0x38 ./Drivers/BSP/ADC/adc.o
                0x00000000000055cc                Get_Adc_Average
 .text.chuanganqi
                0x0000000000005604       0xf4 ./Drivers/BSP/ADC/adc.o
                0x0000000000005604                chuanganqi
 .text.zuiguang
                0x00000000000056f8      0x142 ./Drivers/BSP/ADC/adc.o
                0x00000000000056f8                zuiguang
 .text.__addsf3
                0x000000000000583a      0x36a e:/ruanjian/mounriver_studio/toolchain/risc-v embedded gcc/bin/../lib/gcc/riscv-none-embed/8.2.0/rv32imacxw/ilp32\libgcc.a(addsf3.o)
                0x000000000000583a                __addsf3
 .text.__divsf3
                0x0000000000005ba4      0x2ae e:/ruanjian/mounriver_studio/toolchain/risc-v embedded gcc/bin/../lib/gcc/riscv-none-embed/8.2.0/rv32imacxw/ilp32\libgcc.a(divsf3.o)
                0x0000000000005ba4                __divsf3
 .text.__mulsf3
                0x0000000000005e52      0x290 e:/ruanjian/mounriver_studio/toolchain/risc-v embedded gcc/bin/../lib/gcc/riscv-none-embed/8.2.0/rv32imacxw/ilp32\libgcc.a(mulsf3.o)
                0x0000000000005e52                __mulsf3
 .text.__fixunssfsi
                0x00000000000060e2       0x56 e:/ruanjian/mounriver_studio/toolchain/risc-v embedded gcc/bin/../lib/gcc/riscv-none-embed/8.2.0/rv32imacxw/ilp32\libgcc.a(fixunssfsi.o)
                0x00000000000060e2                __fixunssfsi
 .text.__floatsisf
                0x0000000000006138       0xc6 e:/ruanjian/mounriver_studio/toolchain/risc-v embedded gcc/bin/../lib/gcc/riscv-none-embed/8.2.0/rv32imacxw/ilp32\libgcc.a(floatsisf.o)
                0x0000000000006138                __floatsisf
 .text.__clzsi2
                0x00000000000061fe       0x6e e:/ruanjian/mounriver_studio/toolchain/risc-v embedded gcc/bin/../lib/gcc/riscv-none-embed/8.2.0/rv32imacxw/ilp32\libgcc.a(_clzsi2.o)
                0x00000000000061fe                __clzsi2
 .text.memcmp   0x000000000000626c       0x24 e:/ruanjian/mounriver_studio/toolchain/risc-v embedded gcc/bin/../lib/gcc/riscv-none-embed/8.2.0/../../../../riscv-none-embed/lib/rv32imacxw/ilp32\libg_nano.a(lib_a-memcmp.o)
                0x000000000000626c                memcmp
 .text.memcpy   0x0000000000006290       0xb2 e:/ruanjian/mounriver_studio/toolchain/risc-v embedded gcc/bin/../lib/gcc/riscv-none-embed/8.2.0/../../../../riscv-none-embed/lib/rv32imacxw/ilp32\libg_nano.a(lib_a-memcpy.o)
                0x0000000000006290                memcpy
 .text.__cvt    0x0000000000006342       0xea e:/ruanjian/mounriver_studio/toolchain/risc-v embedded gcc/bin/../lib/gcc/riscv-none-embed/8.2.0/../../../../riscv-none-embed/lib/rv32imacxw/ilp32\libg_nano.a(lib_a-nano-vfprintf_float.o)
                0x0000000000006342                __cvt
 .text.__exponent
                0x000000000000642c       0x84 e:/ruanjian/mounriver_studio/toolchain/risc-v embedded gcc/bin/../lib/gcc/riscv-none-embed/8.2.0/../../../../riscv-none-embed/lib/rv32imacxw/ilp32\libg_nano.a(lib_a-nano-vfprintf_float.o)
                0x000000000000642c                __exponent
 .text._printf_float
                0x00000000000064b0      0x4c4 e:/ruanjian/mounriver_studio/toolchain/risc-v embedded gcc/bin/../lib/gcc/riscv-none-embed/8.2.0/../../../../riscv-none-embed/lib/rv32imacxw/ilp32\libg_nano.a(lib_a-nano-vfprintf_float.o)
                0x00000000000064b0                _printf_float
 .text._printf_common
                0x0000000000006974      0x10c e:/ruanjian/mounriver_studio/toolchain/risc-v embedded gcc/bin/../lib/gcc/riscv-none-embed/8.2.0/../../../../riscv-none-embed/lib/rv32imacxw/ilp32\libg_nano.a(lib_a-nano-vfprintf_i.o)
                0x0000000000006974                _printf_common
 .text._printf_i
                0x0000000000006a80      0x2a4 e:/ruanjian/mounriver_studio/toolchain/risc-v embedded gcc/bin/../lib/gcc/riscv-none-embed/8.2.0/../../../../riscv-none-embed/lib/rv32imacxw/ilp32\libg_nano.a(lib_a-nano-vfprintf_i.o)
                0x0000000000006a80                _printf_i
 .text.printf   0x0000000000006d24       0x42 e:/ruanjian/mounriver_studio/toolchain/risc-v embedded gcc/bin/../lib/gcc/riscv-none-embed/8.2.0/../../../../riscv-none-embed/lib/rv32imacxw/ilp32\libg_nano.a(lib_a-printf.o)
                0x0000000000006d24                iprintf
                0x0000000000006d24                printf
 .text._puts_r  0x0000000000006d66       0xd8 e:/ruanjian/mounriver_studio/toolchain/risc-v embedded gcc/bin/../lib/gcc/riscv-none-embed/8.2.0/../../../../riscv-none-embed/lib/rv32imacxw/ilp32\libg_nano.a(lib_a-puts.o)
                0x0000000000006d66                _puts_r
 .text.puts     0x0000000000006e3e        0xc e:/ruanjian/mounriver_studio/toolchain/risc-v embedded gcc/bin/../lib/gcc/riscv-none-embed/8.2.0/../../../../riscv-none-embed/lib/rv32imacxw/ilp32\libg_nano.a(lib_a-puts.o)
                0x0000000000006e3e                puts
 .text.snprintf
                0x0000000000006e4a       0x6c e:/ruanjian/mounriver_studio/toolchain/risc-v embedded gcc/bin/../lib/gcc/riscv-none-embed/8.2.0/../../../../riscv-none-embed/lib/rv32imacxw/ilp32\libg_nano.a(lib_a-snprintf.o)
                0x0000000000006e4a                sniprintf
                0x0000000000006e4a                snprintf
 .text.strchr   0x0000000000006eb6       0x18 e:/ruanjian/mounriver_studio/toolchain/risc-v embedded gcc/bin/../lib/gcc/riscv-none-embed/8.2.0/../../../../riscv-none-embed/lib/rv32imacxw/ilp32\libg_nano.a(lib_a-strchr.o)
                0x0000000000006eb6                strchr
 .text.strlen   0x0000000000006ece       0x12 e:/ruanjian/mounriver_studio/toolchain/risc-v embedded gcc/bin/../lib/gcc/riscv-none-embed/8.2.0/../../../../riscv-none-embed/lib/rv32imacxw/ilp32\libg_nano.a(lib_a-strlen.o)
                0x0000000000006ece                strlen
 .text.strncmp  0x0000000000006ee0       0x28 e:/ruanjian/mounriver_studio/toolchain/risc-v embedded gcc/bin/../lib/gcc/riscv-none-embed/8.2.0/../../../../riscv-none-embed/lib/rv32imacxw/ilp32\libg_nano.a(lib_a-strncmp.o)
                0x0000000000006ee0                strncmp
 .text.strstr   0x0000000000006f08       0x34 e:/ruanjian/mounriver_studio/toolchain/risc-v embedded gcc/bin/../lib/gcc/riscv-none-embed/8.2.0/../../../../riscv-none-embed/lib/rv32imacxw/ilp32\libg_nano.a(lib_a-strstr.o)
                0x0000000000006f08                strstr
 .text.__swbuf_r
                0x0000000000006f3c       0xc2 e:/ruanjian/mounriver_studio/toolchain/risc-v embedded gcc/bin/../lib/gcc/riscv-none-embed/8.2.0/../../../../riscv-none-embed/lib/rv32imacxw/ilp32\libg_nano.a(lib_a-wbuf.o)
                0x0000000000006f3c                __swbuf_r
 .text.__swsetup_r
                0x0000000000006ffe      0x102 e:/ruanjian/mounriver_studio/toolchain/risc-v embedded gcc/bin/../lib/gcc/riscv-none-embed/8.2.0/../../../../riscv-none-embed/lib/rv32imacxw/ilp32\libg_nano.a(lib_a-wsetup.o)
                0x0000000000006ffe                __swsetup_r
 .text.quorem   0x0000000000007100      0x13a e:/ruanjian/mounriver_studio/toolchain/risc-v embedded gcc/bin/../lib/gcc/riscv-none-embed/8.2.0/../../../../riscv-none-embed/lib/rv32imacxw/ilp32\libg_nano.a(lib_a-dtoa.o)
 .text._dtoa_r  0x000000000000723a      0xc14 e:/ruanjian/mounriver_studio/toolchain/risc-v embedded gcc/bin/../lib/gcc/riscv-none-embed/8.2.0/../../../../riscv-none-embed/lib/rv32imacxw/ilp32\libg_nano.a(lib_a-dtoa.o)
                0x000000000000723a                _dtoa_r
 .text.__sflush_r
                0x0000000000007e4e      0x132 e:/ruanjian/mounriver_studio/toolchain/risc-v embedded gcc/bin/../lib/gcc/riscv-none-embed/8.2.0/../../../../riscv-none-embed/lib/rv32imacxw/ilp32\libg_nano.a(lib_a-fflush.o)
                0x0000000000007e4e                __sflush_r
 .text._fflush_r
                0x0000000000007f80       0x66 e:/ruanjian/mounriver_studio/toolchain/risc-v embedded gcc/bin/../lib/gcc/riscv-none-embed/8.2.0/../../../../riscv-none-embed/lib/rv32imacxw/ilp32\libg_nano.a(lib_a-fflush.o)
                0x0000000000007f80                _fflush_r
 .text.std      0x0000000000007fe6       0x66 e:/ruanjian/mounriver_studio/toolchain/risc-v embedded gcc/bin/../lib/gcc/riscv-none-embed/8.2.0/../../../../riscv-none-embed/lib/rv32imacxw/ilp32\libg_nano.a(lib_a-findfp.o)
 .text._cleanup_r
                0x000000000000804c        0xa e:/ruanjian/mounriver_studio/toolchain/risc-v embedded gcc/bin/../lib/gcc/riscv-none-embed/8.2.0/../../../../riscv-none-embed/lib/rv32imacxw/ilp32\libg_nano.a(lib_a-findfp.o)
                0x000000000000804c                _cleanup_r
 .text.__sfmoreglue
                0x0000000000008056       0x48 e:/ruanjian/mounriver_studio/toolchain/risc-v embedded gcc/bin/../lib/gcc/riscv-none-embed/8.2.0/../../../../riscv-none-embed/lib/rv32imacxw/ilp32\libg_nano.a(lib_a-findfp.o)
                0x0000000000008056                __sfmoreglue
 .text.__sinit  0x000000000000809e       0x6c e:/ruanjian/mounriver_studio/toolchain/risc-v embedded gcc/bin/../lib/gcc/riscv-none-embed/8.2.0/../../../../riscv-none-embed/lib/rv32imacxw/ilp32\libg_nano.a(lib_a-findfp.o)
                0x000000000000809e                __sinit
 .text.__sfp    0x000000000000810a       0xa0 e:/ruanjian/mounriver_studio/toolchain/risc-v embedded gcc/bin/../lib/gcc/riscv-none-embed/8.2.0/../../../../riscv-none-embed/lib/rv32imacxw/ilp32\libg_nano.a(lib_a-findfp.o)
                0x000000000000810a                __sfp
 .text._fwalk_reent
                0x00000000000081aa       0x6a e:/ruanjian/mounriver_studio/toolchain/risc-v embedded gcc/bin/../lib/gcc/riscv-none-embed/8.2.0/../../../../riscv-none-embed/lib/rv32imacxw/ilp32\libg_nano.a(lib_a-fwalk.o)
                0x00000000000081aa                _fwalk_reent
 .text._localeconv_r
                0x0000000000008214       0x18 e:/ruanjian/mounriver_studio/toolchain/risc-v embedded gcc/bin/../lib/gcc/riscv-none-embed/8.2.0/../../../../riscv-none-embed/lib/rv32imacxw/ilp32\libg_nano.a(lib_a-localeconv.o)
                0x0000000000008214                _localeconv_r
 .text.__swhatbuf_r
                0x000000000000822c       0x58 e:/ruanjian/mounriver_studio/toolchain/risc-v embedded gcc/bin/../lib/gcc/riscv-none-embed/8.2.0/../../../../riscv-none-embed/lib/rv32imacxw/ilp32\libg_nano.a(lib_a-makebuf.o)
                0x000000000000822c                __swhatbuf_r
 .text.__smakebuf_r
                0x0000000000008284       0x94 e:/ruanjian/mounriver_studio/toolchain/risc-v embedded gcc/bin/../lib/gcc/riscv-none-embed/8.2.0/../../../../riscv-none-embed/lib/rv32imacxw/ilp32\libg_nano.a(lib_a-makebuf.o)
                0x0000000000008284                __smakebuf_r
 .text.malloc   0x0000000000008318        0xc e:/ruanjian/mounriver_studio/toolchain/risc-v embedded gcc/bin/../lib/gcc/riscv-none-embed/8.2.0/../../../../riscv-none-embed/lib/rv32imacxw/ilp32\libg_nano.a(lib_a-malloc.o)
                0x0000000000008318                malloc
 .text.memchr   0x0000000000008324       0x18 e:/ruanjian/mounriver_studio/toolchain/risc-v embedded gcc/bin/../lib/gcc/riscv-none-embed/8.2.0/../../../../riscv-none-embed/lib/rv32imacxw/ilp32\libg_nano.a(lib_a-memchr.o)
                0x0000000000008324                memchr
 .text._Balloc  0x000000000000833c       0x88 e:/ruanjian/mounriver_studio/toolchain/risc-v embedded gcc/bin/../lib/gcc/riscv-none-embed/8.2.0/../../../../riscv-none-embed/lib/rv32imacxw/ilp32\libg_nano.a(lib_a-mprec.o)
                0x000000000000833c                _Balloc
 .text._Bfree   0x00000000000083c4       0x44 e:/ruanjian/mounriver_studio/toolchain/risc-v embedded gcc/bin/../lib/gcc/riscv-none-embed/8.2.0/../../../../riscv-none-embed/lib/rv32imacxw/ilp32\libg_nano.a(lib_a-mprec.o)
                0x00000000000083c4                _Bfree
 .text.__multadd
                0x0000000000008408       0x98 e:/ruanjian/mounriver_studio/toolchain/risc-v embedded gcc/bin/../lib/gcc/riscv-none-embed/8.2.0/../../../../riscv-none-embed/lib/rv32imacxw/ilp32\libg_nano.a(lib_a-mprec.o)
                0x0000000000008408                __multadd
 .text.__hi0bits
                0x00000000000084a0       0x46 e:/ruanjian/mounriver_studio/toolchain/risc-v embedded gcc/bin/../lib/gcc/riscv-none-embed/8.2.0/../../../../riscv-none-embed/lib/rv32imacxw/ilp32\libg_nano.a(lib_a-mprec.o)
                0x00000000000084a0                __hi0bits
 .text.__lo0bits
                0x00000000000084e6       0x6a e:/ruanjian/mounriver_studio/toolchain/risc-v embedded gcc/bin/../lib/gcc/riscv-none-embed/8.2.0/../../../../riscv-none-embed/lib/rv32imacxw/ilp32\libg_nano.a(lib_a-mprec.o)
                0x00000000000084e6                __lo0bits
 .text.__i2b    0x0000000000008550       0x1c e:/ruanjian/mounriver_studio/toolchain/risc-v embedded gcc/bin/../lib/gcc/riscv-none-embed/8.2.0/../../../../riscv-none-embed/lib/rv32imacxw/ilp32\libg_nano.a(lib_a-mprec.o)
                0x0000000000008550                __i2b
 .text.__multiply
                0x000000000000856c      0x144 e:/ruanjian/mounriver_studio/toolchain/risc-v embedded gcc/bin/../lib/gcc/riscv-none-embed/8.2.0/../../../../riscv-none-embed/lib/rv32imacxw/ilp32\libg_nano.a(lib_a-mprec.o)
                0x000000000000856c                __multiply
 .text.__pow5mult
                0x00000000000086b0       0xbe e:/ruanjian/mounriver_studio/toolchain/risc-v embedded gcc/bin/../lib/gcc/riscv-none-embed/8.2.0/../../../../riscv-none-embed/lib/rv32imacxw/ilp32\libg_nano.a(lib_a-mprec.o)
                0x00000000000086b0                __pow5mult
 .text.__lshift
                0x000000000000876e       0xce e:/ruanjian/mounriver_studio/toolchain/risc-v embedded gcc/bin/../lib/gcc/riscv-none-embed/8.2.0/../../../../riscv-none-embed/lib/rv32imacxw/ilp32\libg_nano.a(lib_a-mprec.o)
                0x000000000000876e                __lshift
 .text.__mcmp   0x000000000000883c       0x32 e:/ruanjian/mounriver_studio/toolchain/risc-v embedded gcc/bin/../lib/gcc/riscv-none-embed/8.2.0/../../../../riscv-none-embed/lib/rv32imacxw/ilp32\libg_nano.a(lib_a-mprec.o)
                0x000000000000883c                __mcmp
 .text.__mdiff  0x000000000000886e       0xf2 e:/ruanjian/mounriver_studio/toolchain/risc-v embedded gcc/bin/../lib/gcc/riscv-none-embed/8.2.0/../../../../riscv-none-embed/lib/rv32imacxw/ilp32\libg_nano.a(lib_a-mprec.o)
                0x000000000000886e                __mdiff
 .text.__d2b    0x0000000000008960       0xd4 e:/ruanjian/mounriver_studio/toolchain/risc-v embedded gcc/bin/../lib/gcc/riscv-none-embed/8.2.0/../../../../riscv-none-embed/lib/rv32imacxw/ilp32\libg_nano.a(lib_a-mprec.o)
                0x0000000000008960                __d2b
 .text._calloc_r
                0x0000000000008a34       0x26 e:/ruanjian/mounriver_studio/toolchain/risc-v embedded gcc/bin/../lib/gcc/riscv-none-embed/8.2.0/../../../../riscv-none-embed/lib/rv32imacxw/ilp32\libg_nano.a(lib_a-nano-callocr.o)
                0x0000000000008a34                _calloc_r
 .text._free_r  0x0000000000008a5a       0xa8 e:/ruanjian/mounriver_studio/toolchain/risc-v embedded gcc/bin/../lib/gcc/riscv-none-embed/8.2.0/../../../../riscv-none-embed/lib/rv32imacxw/ilp32\libg_nano.a(lib_a-nano-freer.o)
                0x0000000000008a5a                _free_r
 .text._malloc_r
                0x0000000000008b02       0xd4 e:/ruanjian/mounriver_studio/toolchain/risc-v embedded gcc/bin/../lib/gcc/riscv-none-embed/8.2.0/../../../../riscv-none-embed/lib/rv32imacxw/ilp32\libg_nano.a(lib_a-nano-mallocr.o)
                0x0000000000008b02                _malloc_r
 .text.__ssputs_r
                0x0000000000008bd6       0xe4 e:/ruanjian/mounriver_studio/toolchain/risc-v embedded gcc/bin/../lib/gcc/riscv-none-embed/8.2.0/../../../../riscv-none-embed/lib/rv32imacxw/ilp32\libg_nano.a(lib_a-nano-svfprintf.o)
                0x0000000000008bd6                __ssputs_r
 .text._svfprintf_r
                0x0000000000008cba      0x268 e:/ruanjian/mounriver_studio/toolchain/risc-v embedded gcc/bin/../lib/gcc/riscv-none-embed/8.2.0/../../../../riscv-none-embed/lib/rv32imacxw/ilp32\libg_nano.a(lib_a-nano-svfprintf.o)
                0x0000000000008cba                _svfiprintf_r
                0x0000000000008cba                _svfprintf_r
 .text.__sfputc_r
                0x0000000000008f22       0x28 e:/ruanjian/mounriver_studio/toolchain/risc-v embedded gcc/bin/../lib/gcc/riscv-none-embed/8.2.0/../../../../riscv-none-embed/lib/rv32imacxw/ilp32\libg_nano.a(lib_a-nano-vfprintf.o)
 .text.__sfputs_r
                0x0000000000008f4a       0x42 e:/ruanjian/mounriver_studio/toolchain/risc-v embedded gcc/bin/../lib/gcc/riscv-none-embed/8.2.0/../../../../riscv-none-embed/lib/rv32imacxw/ilp32\libg_nano.a(lib_a-nano-vfprintf.o)
                0x0000000000008f4a                __sfputs_r
 .text._vfprintf_r
                0x0000000000008f8c      0x28c e:/ruanjian/mounriver_studio/toolchain/risc-v embedded gcc/bin/../lib/gcc/riscv-none-embed/8.2.0/../../../../riscv-none-embed/lib/rv32imacxw/ilp32\libg_nano.a(lib_a-nano-vfprintf.o)
                0x0000000000008f8c                _vfprintf_r
                0x0000000000008f8c                _vfiprintf_r
 .text._sbrk_r  0x0000000000009218       0x32 e:/ruanjian/mounriver_studio/toolchain/risc-v embedded gcc/bin/../lib/gcc/riscv-none-embed/8.2.0/../../../../riscv-none-embed/lib/rv32imacxw/ilp32\libg_nano.a(lib_a-sbrkr.o)
                0x0000000000009218                _sbrk_r
 .text.__sread  0x000000000000924a       0x2c e:/ruanjian/mounriver_studio/toolchain/risc-v embedded gcc/bin/../lib/gcc/riscv-none-embed/8.2.0/../../../../riscv-none-embed/lib/rv32imacxw/ilp32\libg_nano.a(lib_a-stdio.o)
                0x000000000000924a                __sread
 .text.__swrite
                0x0000000000009276       0x48 e:/ruanjian/mounriver_studio/toolchain/risc-v embedded gcc/bin/../lib/gcc/riscv-none-embed/8.2.0/../../../../riscv-none-embed/lib/rv32imacxw/ilp32\libg_nano.a(lib_a-stdio.o)
                0x0000000000009276                __swrite
 .text.__sseek  0x00000000000092be       0x30 e:/ruanjian/mounriver_studio/toolchain/risc-v embedded gcc/bin/../lib/gcc/riscv-none-embed/8.2.0/../../../../riscv-none-embed/lib/rv32imacxw/ilp32\libg_nano.a(lib_a-stdio.o)
                0x00000000000092be                __sseek
 .text.__sclose
                0x00000000000092ee        0x6 e:/ruanjian/mounriver_studio/toolchain/risc-v embedded gcc/bin/../lib/gcc/riscv-none-embed/8.2.0/../../../../riscv-none-embed/lib/rv32imacxw/ilp32\libg_nano.a(lib_a-stdio.o)
                0x00000000000092ee                __sclose
 .text._write_r
                0x00000000000092f4       0x36 e:/ruanjian/mounriver_studio/toolchain/risc-v embedded gcc/bin/../lib/gcc/riscv-none-embed/8.2.0/../../../../riscv-none-embed/lib/rv32imacxw/ilp32\libg_nano.a(lib_a-writer.o)
                0x00000000000092f4                _write_r
 .text._close_r
                0x000000000000932a       0x32 e:/ruanjian/mounriver_studio/toolchain/risc-v embedded gcc/bin/../lib/gcc/riscv-none-embed/8.2.0/../../../../riscv-none-embed/lib/rv32imacxw/ilp32\libg_nano.a(lib_a-closer.o)
                0x000000000000932a                _close_r
 .text._fstat_r
                0x000000000000935c       0x34 e:/ruanjian/mounriver_studio/toolchain/risc-v embedded gcc/bin/../lib/gcc/riscv-none-embed/8.2.0/../../../../riscv-none-embed/lib/rv32imacxw/ilp32\libg_nano.a(lib_a-fstatr.o)
                0x000000000000935c                _fstat_r
 .text._isatty_r
                0x0000000000009390       0x32 e:/ruanjian/mounriver_studio/toolchain/risc-v embedded gcc/bin/../lib/gcc/riscv-none-embed/8.2.0/../../../../riscv-none-embed/lib/rv32imacxw/ilp32\libg_nano.a(lib_a-isattyr.o)
                0x0000000000009390                _isatty_r
 .text._lseek_r
                0x00000000000093c2       0x36 e:/ruanjian/mounriver_studio/toolchain/risc-v embedded gcc/bin/../lib/gcc/riscv-none-embed/8.2.0/../../../../riscv-none-embed/lib/rv32imacxw/ilp32\libg_nano.a(lib_a-lseekr.o)
                0x00000000000093c2                _lseek_r
 .text.__ascii_mbtowc
                0x00000000000093f8       0x32 e:/ruanjian/mounriver_studio/toolchain/risc-v embedded gcc/bin/../lib/gcc/riscv-none-embed/8.2.0/../../../../riscv-none-embed/lib/rv32imacxw/ilp32\libg_nano.a(lib_a-mbtowc_r.o)
                0x00000000000093f8                __ascii_mbtowc
 .text.memmove  0x000000000000942a       0x46 e:/ruanjian/mounriver_studio/toolchain/risc-v embedded gcc/bin/../lib/gcc/riscv-none-embed/8.2.0/../../../../riscv-none-embed/lib/rv32imacxw/ilp32\libg_nano.a(lib_a-memmove.o)
                0x000000000000942a                memmove
 .text.__malloc_lock
                0x0000000000009470        0x2 e:/ruanjian/mounriver_studio/toolchain/risc-v embedded gcc/bin/../lib/gcc/riscv-none-embed/8.2.0/../../../../riscv-none-embed/lib/rv32imacxw/ilp32\libg_nano.a(lib_a-mlock.o)
                0x0000000000009470                __malloc_lock
 .text.__malloc_unlock
                0x0000000000009472        0x2 e:/ruanjian/mounriver_studio/toolchain/risc-v embedded gcc/bin/../lib/gcc/riscv-none-embed/8.2.0/../../../../riscv-none-embed/lib/rv32imacxw/ilp32\libg_nano.a(lib_a-mlock.o)
                0x0000000000009472                __malloc_unlock
 .text._realloc_r
                0x0000000000009474       0x58 e:/ruanjian/mounriver_studio/toolchain/risc-v embedded gcc/bin/../lib/gcc/riscv-none-embed/8.2.0/../../../../riscv-none-embed/lib/rv32imacxw/ilp32\libg_nano.a(lib_a-nano-reallocr.o)
                0x0000000000009474                _realloc_r
 .text._read_r  0x00000000000094cc       0x36 e:/ruanjian/mounriver_studio/toolchain/risc-v embedded gcc/bin/../lib/gcc/riscv-none-embed/8.2.0/../../../../riscv-none-embed/lib/rv32imacxw/ilp32\libg_nano.a(lib_a-readr.o)
                0x00000000000094cc                _read_r
 .text.__ascii_wctomb
                0x0000000000009502       0x1e e:/ruanjian/mounriver_studio/toolchain/risc-v embedded gcc/bin/../lib/gcc/riscv-none-embed/8.2.0/../../../../riscv-none-embed/lib/rv32imacxw/ilp32\libg_nano.a(lib_a-wctomb_r.o)
                0x0000000000009502                __ascii_wctomb
 .text._malloc_usable_size_r
                0x0000000000009520       0x14 e:/ruanjian/mounriver_studio/toolchain/risc-v embedded gcc/bin/../lib/gcc/riscv-none-embed/8.2.0/../../../../riscv-none-embed/lib/rv32imacxw/ilp32\libg_nano.a(lib_a-nano-msizer.o)
                0x0000000000009520                _malloc_usable_size_r
 .text.__adddf3
                0x0000000000009534      0x730 e:/ruanjian/mounriver_studio/toolchain/risc-v embedded gcc/bin/../lib/gcc/riscv-none-embed/8.2.0/rv32imacxw/ilp32\libgcc.a(adddf3.o)
                0x0000000000009534                __adddf3
 .text.__divdf3
                0x0000000000009c64      0x5b4 e:/ruanjian/mounriver_studio/toolchain/risc-v embedded gcc/bin/../lib/gcc/riscv-none-embed/8.2.0/rv32imacxw/ilp32\libgcc.a(divdf3.o)
                0x0000000000009c64                __divdf3
 .text.__eqdf2  0x000000000000a218       0x6a e:/ruanjian/mounriver_studio/toolchain/risc-v embedded gcc/bin/../lib/gcc/riscv-none-embed/8.2.0/rv32imacxw/ilp32\libgcc.a(eqdf2.o)
                0x000000000000a218                __nedf2
                0x000000000000a218                __eqdf2
 .text.__gedf2  0x000000000000a282       0xae e:/ruanjian/mounriver_studio/toolchain/risc-v embedded gcc/bin/../lib/gcc/riscv-none-embed/8.2.0/rv32imacxw/ilp32\libgcc.a(gedf2.o)
                0x000000000000a282                __gedf2
                0x000000000000a282                __gtdf2
 .text.__ledf2  0x000000000000a330       0xb6 e:/ruanjian/mounriver_studio/toolchain/risc-v embedded gcc/bin/../lib/gcc/riscv-none-embed/8.2.0/rv32imacxw/ilp32\libgcc.a(ledf2.o)
                0x000000000000a330                __ledf2
                0x000000000000a330                __ltdf2
 .text.__muldf3
                0x000000000000a3e6      0x4b8 e:/ruanjian/mounriver_studio/toolchain/risc-v embedded gcc/bin/../lib/gcc/riscv-none-embed/8.2.0/rv32imacxw/ilp32\libgcc.a(muldf3.o)
                0x000000000000a3e6                __muldf3
 .text.__subdf3
                0x000000000000a89e      0x73e e:/ruanjian/mounriver_studio/toolchain/risc-v embedded gcc/bin/../lib/gcc/riscv-none-embed/8.2.0/rv32imacxw/ilp32\libgcc.a(subdf3.o)
                0x000000000000a89e                __subdf3
 .text.__unorddf2
                0x000000000000afdc       0x3c e:/ruanjian/mounriver_studio/toolchain/risc-v embedded gcc/bin/../lib/gcc/riscv-none-embed/8.2.0/rv32imacxw/ilp32\libgcc.a(unorddf2.o)
                0x000000000000afdc                __unorddf2
 .text.__fixdfsi
                0x000000000000b018       0x68 e:/ruanjian/mounriver_studio/toolchain/risc-v embedded gcc/bin/../lib/gcc/riscv-none-embed/8.2.0/rv32imacxw/ilp32\libgcc.a(fixdfsi.o)
                0x000000000000b018                __fixdfsi
 .text.__floatsidf
                0x000000000000b080       0x72 e:/ruanjian/mounriver_studio/toolchain/risc-v embedded gcc/bin/../lib/gcc/riscv-none-embed/8.2.0/rv32imacxw/ilp32\libgcc.a(floatsidf.o)
                0x000000000000b080                __floatsidf
 .text.__floatunsidf
                0x000000000000b0f2       0x68 e:/ruanjian/mounriver_studio/toolchain/risc-v embedded gcc/bin/../lib/gcc/riscv-none-embed/8.2.0/rv32imacxw/ilp32\libgcc.a(floatunsidf.o)
                0x000000000000b0f2                __floatunsidf
 .text.__trunctfdf2
                0x000000000000b15a      0x21e e:/ruanjian/mounriver_studio/toolchain/risc-v embedded gcc/bin/../lib/gcc/riscv-none-embed/8.2.0/rv32imacxw/ilp32\libgcc.a(trunctfdf2.o)
                0x000000000000b15a                __trunctfdf2
 .text._close   0x000000000000b378       0x10 e:/ruanjian/mounriver_studio/toolchain/risc-v embedded gcc/bin/../lib/gcc/riscv-none-embed/8.2.0/../../../../riscv-none-embed/lib/rv32imacxw/ilp32\libnosys.a(close.o)
                0x000000000000b378                _close
 .text._fstat   0x000000000000b388       0x10 e:/ruanjian/mounriver_studio/toolchain/risc-v embedded gcc/bin/../lib/gcc/riscv-none-embed/8.2.0/../../../../riscv-none-embed/lib/rv32imacxw/ilp32\libnosys.a(fstat.o)
                0x000000000000b388                _fstat
 .text._isatty  0x000000000000b398       0x10 e:/ruanjian/mounriver_studio/toolchain/risc-v embedded gcc/bin/../lib/gcc/riscv-none-embed/8.2.0/../../../../riscv-none-embed/lib/rv32imacxw/ilp32\libnosys.a(isatty.o)
                0x000000000000b398                _isatty
 .text._lseek   0x000000000000b3a8       0x10 e:/ruanjian/mounriver_studio/toolchain/risc-v embedded gcc/bin/../lib/gcc/riscv-none-embed/8.2.0/../../../../riscv-none-embed/lib/rv32imacxw/ilp32\libnosys.a(lseek.o)
                0x000000000000b3a8                _lseek
 .text._read    0x000000000000b3b8       0x10 e:/ruanjian/mounriver_studio/toolchain/risc-v embedded gcc/bin/../lib/gcc/riscv-none-embed/8.2.0/../../../../riscv-none-embed/lib/rv32imacxw/ilp32\libnosys.a(read.o)
                0x000000000000b3b8                _read
 .text._sbrk    0x000000000000b3c8       0x24 e:/ruanjian/mounriver_studio/toolchain/risc-v embedded gcc/bin/../lib/gcc/riscv-none-embed/8.2.0/../../../../riscv-none-embed/lib/rv32imacxw/ilp32\libnosys.a(sbrk.o)
                0x000000000000b3c8                _sbrk
 *(.rodata)
 *(.rodata*)
 *fill*         0x000000000000b3ec        0x0 
 .rodata.vApplicationMallocFailedHook.str1.4
                0x000000000000b3ec       0x19 ./User/ch32v30x_it.o
 *fill*         0x000000000000b405        0x3 
 .rodata.vApplicationStackOverflowHook.str1.4
                0x000000000000b408       0x1d ./User/ch32v30x_it.o
 *fill*         0x000000000000b425        0x3 
 .rodata.display_task.str1.4
                0x000000000000b428       0x33 ./User/freertos_demo.o
                                         0x37 (size before relaxing)
 *fill*         0x000000000000b45b        0x1 
 .rodata.freertos_demo.str1.4
                0x000000000000b45c        0xb ./User/freertos_demo.o
 *fill*         0x000000000000b467        0x1 
 .rodata.json_get_bool_in_obj.part.0.constprop.6.str1.4
                0x000000000000b468        0xe ./User/freertos_demo.o
 *fill*         0x000000000000b476        0x2 
 .rodata.receive_task.str1.4
                0x000000000000b478       0x4f ./User/freertos_demo.o
                                         0x53 (size before relaxing)
 *fill*         0x000000000000b4c7        0x1 
 .rodata.start_task.str1.4
                0x000000000000b4c8       0x35 ./User/freertos_demo.o
 *fill*         0x000000000000b4fd        0x3 
 .rodata.pvPortMalloc.str1.4
                0x000000000000b500       0xd5 ./Middlewares/FreeRTOS/portable/MemMang/heap_4.o
 *fill*         0x000000000000b5d5        0x3 
 .rodata.xPortStartScheduler.str1.4
                0x000000000000b5d8       0xb4 ./Middlewares/FreeRTOS/portable/GCC/RISC-V/port.o
                                         0xd5 (size before relaxing)
 .rodata.xQueueGenericReset.str1.4
                0x000000000000b68c       0xa1 ./Middlewares/FreeRTOS/queue.o
                                         0xc5 (size before relaxing)
 *fill*         0x000000000000b72d        0x3 
 .rodata.prvTaskIsTaskSuspended.str1.4
                0x000000000000b730       0xa1 ./Middlewares/FreeRTOS/tasks.o
                                         0xc5 (size before relaxing)
 *fill*         0x000000000000b7d1        0x3 
 .rodata.vTaskStartScheduler.str1.4
                0x000000000000b7d4        0x5 ./Middlewares/FreeRTOS/tasks.o
 *fill*         0x000000000000b7d9        0x3 
 .rodata.prvTimerTask
                0x000000000000b7dc       0x24 ./Middlewares/FreeRTOS/timers.o
 .rodata.prvCheckForValidListAndQueue.str1.4
                0x000000000000b800        0x5 ./Middlewares/FreeRTOS/timers.o
 *fill*         0x000000000000b805        0x3 
 .rodata.prvTimerTask.str1.4
                0x000000000000b808       0xa2 ./Middlewares/FreeRTOS/timers.o
                                         0xc5 (size before relaxing)
 *fill*         0x000000000000b8aa        0x2 
 .rodata.xTimerCreateTimerTask.str1.4
                0x000000000000b8ac        0x8 ./Middlewares/FreeRTOS/timers.o
 .rodata.UART_init.str1.4
                0x000000000000b8b4       0x3a ./Drivers/SYSTEM/usart/usart.o
 *fill*         0x000000000000b8ee        0x2 
 .rodata.Servo1_SetAngle.cst4
                0x000000000000b8f0        0xc ./Drivers/BSP/Timer/Timer.o
 .rodata.asc2_0806
                0x000000000000b8fc      0x228 ./Drivers/BSP/OLED/oled.o
                0x000000000000b8fc                asc2_0806
 .rodata.asc2_1206
                0x000000000000bb24      0x474 ./Drivers/BSP/OLED/oled.o
                0x000000000000bb24                asc2_1206
 .rodata.asc2_1608
                0x000000000000bf98      0x5f0 ./Drivers/BSP/OLED/oled.o
                0x000000000000bf98                asc2_1608
 .rodata.asc2_2412
                0x000000000000c588      0xd5c ./Drivers/BSP/OLED/oled.o
                0x000000000000c588                asc2_2412
 .rodata.AIR724UG_Mqtt_connect.str1.4
                0x000000000000d2e4       0xba ./Drivers/BSP/AIR724UG/AIR724UG.o
 *fill*         0x000000000000d39e        0x2 
 .rodata.AIR724UG_Ping.str1.4
                0x000000000000d3a0        0x3 ./Drivers/BSP/AIR724UG/AIR724UG.o
 *fill*         0x000000000000d3a3        0x1 
 .rodata.MCONFIG_CMD
                0x000000000000d3a4       0x9b ./Drivers/BSP/AIR724UG/AIR724UG.o
 *fill*         0x000000000000d43f        0x1 
 .rodata.OneNET_Subscribe.str1.4
                0x000000000000d440       0x89 ./Drivers/BSP/AIR724UG/AIR724UG.o
 .rodata.at_send_cmd.str1.4
                0x000000000000d4c9       0x89 ./Drivers/BSP/AIR724UG/AIR724UG.o
                                          0x5 (size before relaxing)
 *fill*         0x000000000000d4c9        0x3 
 .rodata.shuju1.str1.4
                0x000000000000d4cc      0x189 ./Drivers/BSP/AIR724UG/AIR724UG.o
 *fill*         0x000000000000d655        0x3 
 .rodata.__divsf3
                0x000000000000d658       0x80 e:/ruanjian/mounriver_studio/toolchain/risc-v embedded gcc/bin/../lib/gcc/riscv-none-embed/8.2.0/rv32imacxw/ilp32\libgcc.a(divsf3.o)
 .rodata.__mulsf3
                0x000000000000d6d8       0x40 e:/ruanjian/mounriver_studio/toolchain/risc-v embedded gcc/bin/../lib/gcc/riscv-none-embed/8.2.0/rv32imacxw/ilp32\libgcc.a(mulsf3.o)
 .rodata.__clz_tab
                0x000000000000d718      0x100 e:/ruanjian/mounriver_studio/toolchain/risc-v embedded gcc/bin/../lib/gcc/riscv-none-embed/8.2.0/rv32imacxw/ilp32\libgcc.a(_clz.o)
                0x000000000000d718                __clz_tab
 *fill*         0x000000000000d818        0x0 
 .rodata._printf_float.cst8
                0x000000000000d818        0x8 e:/ruanjian/mounriver_studio/toolchain/risc-v embedded gcc/bin/../lib/gcc/riscv-none-embed/8.2.0/../../../../riscv-none-embed/lib/rv32imacxw/ilp32\libg_nano.a(lib_a-nano-vfprintf_float.o)
 .rodata._printf_float.str1.4
                0x000000000000d820       0x10 e:/ruanjian/mounriver_studio/toolchain/risc-v embedded gcc/bin/../lib/gcc/riscv-none-embed/8.2.0/../../../../riscv-none-embed/lib/rv32imacxw/ilp32\libg_nano.a(lib_a-nano-vfprintf_float.o)
                                         0x12 (size before relaxing)
 .rodata._printf_i.str1.4
                0x000000000000d830       0x25 e:/ruanjian/mounriver_studio/toolchain/risc-v embedded gcc/bin/../lib/gcc/riscv-none-embed/8.2.0/../../../../riscv-none-embed/lib/rv32imacxw/ilp32\libg_nano.a(lib_a-nano-vfprintf_i.o)
 *fill*         0x000000000000d855        0x3 
 .rodata._dtoa_r.cst8
                0x000000000000d858       0x48 e:/ruanjian/mounriver_studio/toolchain/risc-v embedded gcc/bin/../lib/gcc/riscv-none-embed/8.2.0/../../../../riscv-none-embed/lib/rv32imacxw/ilp32\libg_nano.a(lib_a-dtoa.o)
 .rodata._dtoa_r.str1.4
                0x000000000000d8a0       0x10 e:/ruanjian/mounriver_studio/toolchain/risc-v embedded gcc/bin/../lib/gcc/riscv-none-embed/8.2.0/../../../../riscv-none-embed/lib/rv32imacxw/ilp32\libg_nano.a(lib_a-dtoa.o)
                                         0x12 (size before relaxing)
 .rodata.__sf_fake_stderr
                0x000000000000d8b0       0x20 e:/ruanjian/mounriver_studio/toolchain/risc-v embedded gcc/bin/../lib/gcc/riscv-none-embed/8.2.0/../../../../riscv-none-embed/lib/rv32imacxw/ilp32\libg_nano.a(lib_a-findfp.o)
                0x000000000000d8b0                __sf_fake_stderr
 .rodata.__sf_fake_stdin
                0x000000000000d8d0       0x20 e:/ruanjian/mounriver_studio/toolchain/risc-v embedded gcc/bin/../lib/gcc/riscv-none-embed/8.2.0/../../../../riscv-none-embed/lib/rv32imacxw/ilp32\libg_nano.a(lib_a-findfp.o)
                0x000000000000d8d0                __sf_fake_stdin
 .rodata.__sf_fake_stdout
                0x000000000000d8f0       0x20 e:/ruanjian/mounriver_studio/toolchain/risc-v embedded gcc/bin/../lib/gcc/riscv-none-embed/8.2.0/../../../../riscv-none-embed/lib/rv32imacxw/ilp32\libg_nano.a(lib_a-findfp.o)
                0x000000000000d8f0                __sf_fake_stdout
 .rodata.__mprec_bigtens
                0x000000000000d910       0x28 e:/ruanjian/mounriver_studio/toolchain/risc-v embedded gcc/bin/../lib/gcc/riscv-none-embed/8.2.0/../../../../riscv-none-embed/lib/rv32imacxw/ilp32\libg_nano.a(lib_a-mprec.o)
                0x000000000000d910                __mprec_bigtens
 .rodata.__mprec_tens
                0x000000000000d938       0xc8 e:/ruanjian/mounriver_studio/toolchain/risc-v embedded gcc/bin/../lib/gcc/riscv-none-embed/8.2.0/../../../../riscv-none-embed/lib/rv32imacxw/ilp32\libg_nano.a(lib_a-mprec.o)
                0x000000000000d938                __mprec_tens
 .rodata.p05.3319
                0x000000000000da00        0xc e:/ruanjian/mounriver_studio/toolchain/risc-v embedded gcc/bin/../lib/gcc/riscv-none-embed/8.2.0/../../../../riscv-none-embed/lib/rv32imacxw/ilp32\libg_nano.a(lib_a-mprec.o)
 .rodata._svfprintf_r.str1.4
                0x000000000000da0c       0x13 e:/ruanjian/mounriver_studio/toolchain/risc-v embedded gcc/bin/../lib/gcc/riscv-none-embed/8.2.0/../../../../riscv-none-embed/lib/rv32imacxw/ilp32\libg_nano.a(lib_a-nano-svfprintf.o)
 .rodata._vfprintf_r.str1.4
                0x000000000000da1f       0x13 e:/ruanjian/mounriver_studio/toolchain/risc-v embedded gcc/bin/../lib/gcc/riscv-none-embed/8.2.0/../../../../riscv-none-embed/lib/rv32imacxw/ilp32\libg_nano.a(lib_a-nano-vfprintf.o)
 *fill*         0x000000000000da1f        0x1 
 .rodata._setlocale_r.str1.4
                0x000000000000da20        0xa e:/ruanjian/mounriver_studio/toolchain/risc-v embedded gcc/bin/../lib/gcc/riscv-none-embed/8.2.0/../../../../riscv-none-embed/lib/rv32imacxw/ilp32\libg_nano.a(lib_a-locale.o)
                                          0xd (size before relaxing)
 *fill*         0x000000000000da2a        0x2 
 .rodata.str1.4
                0x000000000000da2c        0x4 e:/ruanjian/mounriver_studio/toolchain/risc-v embedded gcc/bin/../lib/gcc/riscv-none-embed/8.2.0/../../../../riscv-none-embed/lib/rv32imacxw/ilp32\libg_nano.a(lib_a-locale.o)
                                          0x2 (size before relaxing)
 .rodata._ctype_
                0x000000000000da30      0x101 e:/ruanjian/mounriver_studio/toolchain/risc-v embedded gcc/bin/../lib/gcc/riscv-none-embed/8.2.0/../../../../riscv-none-embed/lib/rv32imacxw/ilp32\libg_nano.a(lib_a-ctype_.o)
                0x000000000000da30                _ctype_
 *fill*         0x000000000000db31        0x3 
 .rodata.__divdf3
                0x000000000000db34       0x40 e:/ruanjian/mounriver_studio/toolchain/risc-v embedded gcc/bin/../lib/gcc/riscv-none-embed/8.2.0/rv32imacxw/ilp32\libgcc.a(divdf3.o)
 .rodata.__muldf3
                0x000000000000db74       0x40 e:/ruanjian/mounriver_studio/toolchain/risc-v embedded gcc/bin/../lib/gcc/riscv-none-embed/8.2.0/rv32imacxw/ilp32\libgcc.a(muldf3.o)
 *(.gnu.linkonce.t.*)
                0x000000000000dbb4                . = ALIGN (0x4)

.rela.dyn       0x000000000000dbb4        0x0
 .rela.text.xPortStartScheduler
                0x000000000000dbb4        0x0 ./User/ch32v30x_it.o
 .rela.sdata2.xISRStackTop
                0x000000000000dbb4        0x0 ./User/ch32v30x_it.o
 .rela.init     0x000000000000dbb4        0x0 ./User/ch32v30x_it.o
 .rela.vector   0x000000000000dbb4        0x0 ./User/ch32v30x_it.o
 .rela.text.handle_reset
                0x000000000000dbb4        0x0 ./User/ch32v30x_it.o
 .rela.text._svfprintf_r
                0x000000000000dbb4        0x0 ./User/ch32v30x_it.o
 .rela.text._vfprintf_r
                0x000000000000dbb4        0x0 ./User/ch32v30x_it.o
 .rela.text._sbrk_r
                0x000000000000dbb4        0x0 ./User/ch32v30x_it.o
 .rela.text._write_r
                0x000000000000dbb4        0x0 ./User/ch32v30x_it.o
 .rela.text._close_r
                0x000000000000dbb4        0x0 ./User/ch32v30x_it.o
 .rela.text._fstat_r
                0x000000000000dbb4        0x0 ./User/ch32v30x_it.o
 .rela.text._isatty_r
                0x000000000000dbb4        0x0 ./User/ch32v30x_it.o
 .rela.text._lseek_r
                0x000000000000dbb4        0x0 ./User/ch32v30x_it.o
 .rela.text._read_r
                0x000000000000dbb4        0x0 ./User/ch32v30x_it.o
 .rela.text._close
                0x000000000000dbb4        0x0 ./User/ch32v30x_it.o
 .rela.text._fstat
                0x000000000000dbb4        0x0 ./User/ch32v30x_it.o
 .rela.text._isatty
                0x000000000000dbb4        0x0 ./User/ch32v30x_it.o
 .rela.text._lseek
                0x000000000000dbb4        0x0 ./User/ch32v30x_it.o
 .rela.text._read
                0x000000000000dbb4        0x0 ./User/ch32v30x_it.o
 .rela.text._sbrk
                0x000000000000dbb4        0x0 ./User/ch32v30x_it.o

.fini           0x000000000000dbb4        0x0
 *(SORT_NONE(.fini))
                0x000000000000dbb4                . = ALIGN (0x4)
                [!provide]                        PROVIDE (_etext = .)
                [!provide]                        PROVIDE (_eitcm = .)

.preinit_array  0x000000000000dbb4        0x0
                [!provide]                        PROVIDE (__preinit_array_start = .)
 *(.preinit_array)
                [!provide]                        PROVIDE (__preinit_array_end = .)

.init_array     0x000000000000dbb4        0x0
                [!provide]                        PROVIDE (__init_array_start = .)
 *(SORT_BY_INIT_PRIORITY(.init_array.*) SORT_BY_INIT_PRIORITY(.ctors.*))
 *(.init_array EXCLUDE_FILE(*crtend?.o *crtend.o *crtbegin?.o *crtbegin.o) .ctors)
                [!provide]                        PROVIDE (__init_array_end = .)

.fini_array     0x000000000000dbb4        0x0
                [!provide]                        PROVIDE (__fini_array_start = .)
 *(SORT_BY_INIT_PRIORITY(.fini_array.*) SORT_BY_INIT_PRIORITY(.dtors.*))
 *(.fini_array EXCLUDE_FILE(*crtend?.o *crtend.o *crtbegin?.o *crtbegin.o) .dtors)
                [!provide]                        PROVIDE (__fini_array_end = .)

.ctors
 *crtbegin.o(.ctors)
 *crtbegin?.o(.ctors)
 *(EXCLUDE_FILE(*crtend?.o *crtend.o) .ctors)
 *(SORT_BY_NAME(.ctors.*))
 *(.ctors)

.dtors
 *crtbegin.o(.dtors)
 *crtbegin?.o(.dtors)
 *(EXCLUDE_FILE(*crtend?.o *crtend.o) .dtors)
 *(SORT_BY_NAME(.dtors.*))
 *(.dtors)

.dalign         0x0000000020000000        0x0 load address 0x000000000000dbb4
                0x0000000020000000                . = ALIGN (0x4)
                0x0000000020000000                PROVIDE (_data_vma = .)

.dlalign        0x000000000000dbb4        0x0
                0x000000000000dbb4                . = ALIGN (0x4)
                0x000000000000dbb4                PROVIDE (_data_lma = .)

.data           0x0000000020000000      0x218 load address 0x000000000000dbb4
 *(.gnu.linkonce.r.*)
 *(.data .data.*)
 .data.APBAHBPrescTable
                0x0000000020000000       0x10 ./Drivers/CH32V30x_Driver/src/ch32v30x_rcc.o
 .data.impure_data
                0x0000000020000010       0x60 e:/ruanjian/mounriver_studio/toolchain/risc-v embedded gcc/bin/../lib/gcc/riscv-none-embed/8.2.0/../../../../riscv-none-embed/lib/rv32imacxw/ilp32\libg_nano.a(lib_a-impure.o)
 .data.__global_locale
                0x0000000020000070      0x16c e:/ruanjian/mounriver_studio/toolchain/risc-v embedded gcc/bin/../lib/gcc/riscv-none-embed/8.2.0/../../../../riscv-none-embed/lib/rv32imacxw/ilp32\libg_nano.a(lib_a-locale.o)
                0x0000000020000070                __global_locale
 *(.gnu.linkonce.d.*)
                0x00000000200001e0                . = ALIGN (0x8)
 *fill*         0x00000000200001dc        0x4 
                0x00000000200009e0                PROVIDE (__global_pointer$ = (. + 0x800))
 *(.sdata .sdata.*)
 .sdata.csb_state
                0x00000000200001e0        0x4 ./User/freertos_demo.o
                0x00000000200001e0                csb_state
 .sdata.led_state
                0x00000000200001e4        0x4 ./User/freertos_demo.o
                0x00000000200001e4                led_state
 .sdata.pwq_state
                0x00000000200001e8        0x4 ./User/freertos_demo.o
                0x00000000200001e8                pwq_state
 .sdata.SystemCoreClock
                0x00000000200001ec        0x4 ./User/system_ch32v30x.o
                0x00000000200001ec                SystemCoreClock
 .sdata.uxCriticalNesting
                0x00000000200001f0        0x4 ./Middlewares/FreeRTOS/portable/GCC/RISC-V/port.o
 .sdata.uxTopUsedPriority
                0x00000000200001f4        0x4 ./Middlewares/FreeRTOS/tasks.o
                0x00000000200001f4                uxTopUsedPriority
 .sdata.ADCPrescTable
                0x00000000200001f8        0x4 ./Drivers/CH32V30x_Driver/src/ch32v30x_rcc.o
 .sdata.RETRY_IN_MLSEC
                0x00000000200001fc        0x2 ./Drivers/BSP/IIC/bsp_iic.o
 .sdata.ys      0x00000000200001fe        0x2 ./Drivers/BSP/ADC/adc.o
                0x00000000200001fe                ys
 .sdata.yx      0x0000000020000200        0x2 ./Drivers/BSP/ADC/adc.o
                0x0000000020000200                yx
 .sdata.zs      0x0000000020000202        0x2 ./Drivers/BSP/ADC/adc.o
                0x0000000020000202                zs
 .sdata.zx      0x0000000020000204        0x2 ./Drivers/BSP/ADC/adc.o
                0x0000000020000204                zx
 *fill*         0x0000000020000206        0x2 
 .sdata._impure_ptr
                0x0000000020000208        0x4 e:/ruanjian/mounriver_studio/toolchain/risc-v embedded gcc/bin/../lib/gcc/riscv-none-embed/8.2.0/../../../../riscv-none-embed/lib/rv32imacxw/ilp32\libg_nano.a(lib_a-impure.o)
                0x0000000020000208                _impure_ptr
 *(.sdata2.*)
 .sdata2.xISRStackTop
                0x000000002000020c        0x4 ./Middlewares/FreeRTOS/portable/GCC/RISC-V/port.o
                0x000000002000020c                xISRStackTop
 .sdata2._global_impure_ptr
                0x0000000020000210        0x4 e:/ruanjian/mounriver_studio/toolchain/risc-v embedded gcc/bin/../lib/gcc/riscv-none-embed/8.2.0/../../../../riscv-none-embed/lib/rv32imacxw/ilp32\libg_nano.a(lib_a-impure.o)
                0x0000000020000210                _global_impure_ptr
 *(.gnu.linkonce.s.*)
                0x0000000020000218                . = ALIGN (0x8)
 *fill*         0x0000000020000214        0x4 
 *(.srodata.cst16)
 *(.srodata.cst8)
 *(.srodata.cst4)
 *(.srodata.cst2)
 *(.srodata .srodata.*)
                0x0000000020000218                . = ALIGN (0x4)
                0x0000000020000218                PROVIDE (_edata = .)

.bss            0x0000000020000218     0x8d1c load address 0x000000000000ddcc
                0x0000000020000218                . = ALIGN (0x4)
                0x0000000020000218                PROVIDE (_sbss = .)
 *(.sbss*)
 .sbss.Dc01Task_Handler
                0x0000000020000218        0x4 ./User/freertos_demo.o
                0x0000000020000218                Dc01Task_Handler
 .sbss.DisplayTask_Handler
                0x000000002000021c        0x4 ./User/freertos_demo.o
                0x000000002000021c                DisplayTask_Handler
 .sbss.LinkTask_Handler
                0x0000000020000220        0x4 ./User/freertos_demo.o
                0x0000000020000220                LinkTask_Handler
 .sbss.MqttTask_Handler
                0x0000000020000224        0x4 ./User/freertos_demo.o
                0x0000000020000224                MqttTask_Handler
 .sbss.ReceiveTask_Handler
                0x0000000020000228        0x4 ./User/freertos_demo.o
                0x0000000020000228                ReceiveTask_Handler
 .sbss.SensorTask_Handler
                0x000000002000022c        0x4 ./User/freertos_demo.o
                0x000000002000022c                SensorTask_Handler
 .sbss.ServoTask_Handler
                0x0000000020000230        0x4 ./User/freertos_demo.o
                0x0000000020000230                ServoTask_Handler
 .sbss.StartTask_Handler
                0x0000000020000234        0x4 ./User/freertos_demo.o
                0x0000000020000234                StartTask_Handler
 .sbss.adcMutex
                0x0000000020000238        0x4 ./User/freertos_demo.o
                0x0000000020000238                adcMutex
 .sbss.dc01_pm25
                0x000000002000023c        0x2 ./User/freertos_demo.o
                0x000000002000023c                dc01_pm25
 .sbss.drop_line.6604
                0x000000002000023e        0x1 ./User/freertos_demo.o
 *fill*         0x000000002000023f        0x1 
 .sbss.len.6603
                0x0000000020000240        0x2 ./User/freertos_demo.o
 *fill*         0x0000000020000242        0x2 
 .sbss.linkKickSem
                0x0000000020000244        0x4 ./User/freertos_demo.o
 .sbss.link_ok  0x0000000020000248        0x4 ./User/freertos_demo.o
 .sbss.oledMutex
                0x000000002000024c        0x4 ./User/freertos_demo.o
                0x000000002000024c                oledMutex
 .sbss.uartTxMutex
                0x0000000020000250        0x4 ./User/freertos_demo.o
                0x0000000020000250                uartTxMutex
 .sbss.pxEnd    0x0000000020000254        0x4 ./Middlewares/FreeRTOS/portable/MemMang/heap_4.o
 .sbss.xBlockAllocatedBit
                0x0000000020000258        0x4 ./Middlewares/FreeRTOS/portable/MemMang/heap_4.o
 .sbss.xFreeBytesRemaining
                0x000000002000025c        0x4 ./Middlewares/FreeRTOS/portable/MemMang/heap_4.o
 .sbss.xMinimumEverFreeBytesRemaining
                0x0000000020000260        0x4 ./Middlewares/FreeRTOS/portable/MemMang/heap_4.o
 .sbss.xNumberOfSuccessfulAllocations
                0x0000000020000264        0x4 ./Middlewares/FreeRTOS/portable/MemMang/heap_4.o
 .sbss.xNumberOfSuccessfulFrees
                0x0000000020000268        0x4 ./Middlewares/FreeRTOS/portable/MemMang/heap_4.o
 .sbss.xStart   0x000000002000026c        0x8 ./Middlewares/FreeRTOS/portable/MemMang/heap_4.o
 .sbss.pxCurrentTCB
                0x0000000020000274        0x4 ./Middlewares/FreeRTOS/tasks.o
                0x0000000020000274                pxCurrentTCB
 .sbss.pxDelayedTaskList
                0x0000000020000278        0x4 ./Middlewares/FreeRTOS/tasks.o
 .sbss.pxOverflowDelayedTaskList
                0x000000002000027c        0x4 ./Middlewares/FreeRTOS/tasks.o
 .sbss.uxCurrentNumberOfTasks
                0x0000000020000280        0x4 ./Middlewares/FreeRTOS/tasks.o
 .sbss.uxDeletedTasksWaitingCleanUp
                0x0000000020000284        0x4 ./Middlewares/FreeRTOS/tasks.o
 .sbss.uxSchedulerSuspended
                0x0000000020000288        0x4 ./Middlewares/FreeRTOS/tasks.o
 .sbss.uxTaskNumber
                0x000000002000028c        0x4 ./Middlewares/FreeRTOS/tasks.o
 .sbss.uxTopReadyPriority
                0x0000000020000290        0x4 ./Middlewares/FreeRTOS/tasks.o
 .sbss.xIdleTaskHandle
                0x0000000020000294        0x4 ./Middlewares/FreeRTOS/tasks.o
 .sbss.xNextTaskUnblockTime
                0x0000000020000298        0x4 ./Middlewares/FreeRTOS/tasks.o
 .sbss.xNumOfOverflows
                0x000000002000029c        0x4 ./Middlewares/FreeRTOS/tasks.o
 .sbss.xPendedTicks